Command line invocation:
    /Applications/Xcode_16.4.app/Contents/Developer/usr/bin/xcodebuild -project NextTweaks.xcodeproj -scheme NextTweaks -configuration Release -sdk iphoneos -derivedDataPath build CODE_SIGNING_ALLOWED=NO CODE_SIGNING_REQUIRED=NO CODE_SIGN_IDENTITY= build

Build settings from command line:
    CODE_SIGN_IDENTITY = 
    CODE_SIGNING_ALLOWED = NO
    CODE_SIGNING_REQUIRED = NO
    SDKROOT = iphoneos18.5

--- xcodebuild: WARNING: Using the first of multiple matching destinations:
{ platform:iOS, id:dvtdevice-DVTiPhonePlaceholder-iphoneos:placeholder, name:Any iOS Device }
{ platform:macOS, arch:arm64, variant:Designed for [iPad,iPhone], id:f310f74bbfe383d1879b17a723085f142babf125, name:My Mac }
{ platform:iOS Simulator, id:dvtdevice-DVTiOSDeviceSimulatorPlaceholder-iphonesimulator:placeholder, name:Any iOS Simulator Device }
note: Using codesigning identity override: 
ComputePackagePrebuildTargetDependencyGraph

Prepare packages

CreateBuildRequest

SendProjectDescription

CreateBuildOperation

ComputeTargetDependencyGraph
note: Building targets in dependency order
note: Target dependency graph (1 target)
    Target 'NextTweaks' in project 'NextTweaks' (no dependencies)

GatherProvisioningInputs

CreateBuildDescription

ExecuteExternalTool /Applications/Xcode_16.4.app/Contents/Developer/usr/bin/actool --print-asset-tag-combinations --output-format xml1 /Users/runner/work/NextJailbreak/NextJailbreak/NextTweaksApp/NextTweaks/Assets.xcassets

ExecuteExternalTool /Applications/Xcode_16.4.app/Contents/Developer/Toolchains/XcodeDefault.xctoolchain/usr/bin/clang -v -E -dM -isysroot /Applications/Xcode_16.4.app/Contents/Developer/Platforms/iPhoneOS.platform/Developer/SDKs/iPhoneOS18.5.sdk -x c -c /dev/null

ExecuteExternalTool /Applications/Xcode_16.4.app/Contents/Developer/usr/bin/actool --version --output-format xml1

ExecuteExternalTool /Applications/Xcode_16.4.app/Contents/Developer/Toolchains/XcodeDefault.xctoolchain/usr/bin/swiftc --version

ExecuteExternalTool /Applications/Xcode_16.4.app/Contents/Developer/Toolchains/XcodeDefault.xctoolchain/usr/bin/ld -version_details

Build description signature: 1658999dd75c91b6c58a5792e21fabd5
Build description path: /Users/runner/work/NextJailbreak/NextJailbreak/NextTweaksApp/build/Build/Intermediates.noindex/XCBuildData/1658999dd75c91b6c58a5792e21fabd5.xcbuilddata
CreateBuildDirectory /Users/runner/work/NextJailbreak/NextJailbreak/NextTweaksApp/build/Build/Products
    cd /Users/runner/work/NextJailbreak/NextJailbreak/NextTweaksApp/NextTweaks.xcodeproj
    builtin-create-build-directory /Users/runner/work/NextJailbreak/NextJailbreak/NextTweaksApp/build/Build/Products

CreateBuildDirectory /Users/runner/work/NextJailbreak/NextJailbreak/NextTweaksApp/build/Build/Intermediates.noindex
    cd /Users/runner/work/NextJailbreak/NextJailbreak/NextTweaksApp/NextTweaks.xcodeproj
    builtin-create-build-directory /Users/runner/work/NextJailbreak/NextJailbreak/NextTweaksApp/build/Build/Intermediates.noindex

ClangStatCache /Applications/Xcode_16.4.app/Contents/Developer/Toolchains/XcodeDefault.xctoolchain/usr/bin/clang-stat-cache /Applications/Xcode_16.4.app/Contents/Developer/Platforms/iPhoneOS.platform/Developer/SDKs/iPhoneOS18.5.sdk /Users/runner/work/NextJailbreak/NextJailbreak/NextTweaksApp/build/SDKStatCaches.noindex/iphoneos18.5-22F76-a529daf784b3616c7c04a36aeb7f5c05.sdkstatcache
    cd /Users/runner/work/NextJailbreak/NextJailbreak/NextTweaksApp/NextTweaks.xcodeproj
    /Applications/Xcode_16.4.app/Contents/Developer/Toolchains/XcodeDefault.xctoolchain/usr/bin/clang-stat-cache /Applications/Xcode_16.4.app/Contents/Developer/Platforms/iPhoneOS.platform/Developer/SDKs/iPhoneOS18.5.sdk -o /Users/runner/work/NextJailbreak/NextJailbreak/NextTweaksApp/build/SDKStatCaches.noindex/iphoneos18.5-22F76-a529daf784b3616c7c04a36aeb7f5c05.sdkstatcache

WriteAuxiliaryFile /Users/runner/work/NextJailbreak/NextJailbreak/NextTweaksApp/build/Build/Intermediates.noindex/NextTweaks.build/Release-iphoneos/NextTweaks-00b592789a177fbe7542ef8417ea6293-VFS-iphoneos/all-product-headers.yaml
    cd /Users/runner/work/NextJailbreak/NextJailbreak/NextTweaksApp/NextTweaks.xcodeproj
    write-file /Users/runner/work/NextJailbreak/NextJailbreak/NextTweaksApp/build/Build/Intermediates.noindex/NextTweaks.build/Release-iphoneos/NextTweaks-00b592789a177fbe7542ef8417ea6293-VFS-iphoneos/all-product-headers.yaml

CreateBuildDirectory /Users/runner/work/NextJailbreak/NextJailbreak/NextTweaksApp/build/Build/Products/Release-iphoneos
    cd /Users/runner/work/NextJailbreak/NextJailbreak/NextTweaksApp/NextTweaks.xcodeproj
    builtin-create-build-directory /Users/runner/work/NextJailbreak/NextJailbreak/NextTweaksApp/build/Build/Products/Release-iphoneos

CreateBuildDirectory /Users/runner/work/NextJailbreak/NextJailbreak/NextTweaksApp/build/Build/Intermediates.noindex/EagerLinkingTBDs/Release-iphoneos
    cd /Users/runner/work/NextJailbreak/NextJailbreak/NextTweaksApp/NextTweaks.xcodeproj
    builtin-create-build-directory /Users/runner/work/NextJailbreak/NextJailbreak/NextTweaksApp/build/Build/Intermediates.noindex/EagerLinkingTBDs/Release-iphoneos

WriteAuxiliaryFile /Users/runner/work/NextJailbreak/NextJailbreak/NextTweaksApp/build/Build/Intermediates.noindex/NextTweaks.build/Release-iphoneos/NextTweaks.build/Objects-normal/arm64/NextTweaks_const_extract_protocols.json (in target 'NextTweaks' from project 'NextTweaks')
    cd /Users/runner/work/NextJailbreak/NextJailbreak/NextTweaksApp
    write-file /Users/runner/work/NextJailbreak/NextJailbreak/NextTweaksApp/build/Build/Intermediates.noindex/NextTweaks.build/Release-iphoneos/NextTweaks.build/Objects-normal/arm64/NextTweaks_const_extract_protocols.json

WriteAuxiliaryFile /Users/runner/work/NextJailbreak/NextJailbreak/NextTweaksApp/build/Build/Intermediates.noindex/NextTweaks.build/Release-iphoneos/NextTweaks.build/Objects-normal/arm64/NextTweaks.SwiftFileList (in target 'NextTweaks' from project 'NextTweaks')
    cd /Users/runner/work/NextJailbreak/NextJailbreak/NextTweaksApp
    write-file /Users/runner/work/NextJailbreak/NextJailbreak/NextTweaksApp/build/Build/Intermediates.noindex/NextTweaks.build/Release-iphoneos/NextTweaks.build/Objects-normal/arm64/NextTweaks.SwiftFileList

WriteAuxiliaryFile /Users/runner/work/NextJailbreak/NextJailbreak/NextTweaksApp/build/Build/Intermediates.noindex/NextTweaks.build/Release-iphoneos/NextTweaks.build/Objects-normal/arm64/NextTweaks.SwiftConstValuesFileList (in target 'NextTweaks' from project 'NextTweaks')
    cd /Users/runner/work/NextJailbreak/NextJailbreak/NextTweaksApp
    write-file /Users/runner/work/NextJailbreak/NextJailbreak/NextTweaksApp/build/Build/Intermediates.noindex/NextTweaks.build/Release-iphoneos/NextTweaks.build/Objects-normal/arm64/NextTweaks.SwiftConstValuesFileList

WriteAuxiliaryFile /Users/runner/work/NextJailbreak/NextJailbreak/NextTweaksApp/build/Build/Intermediates.noindex/NextTweaks.build/Release-iphoneos/NextTweaks.build/Objects-normal/arm64/NextTweaks.LinkFileList (in target 'NextTweaks' from project 'NextTweaks')
    cd /Users/runner/work/NextJailbreak/NextJailbreak/NextTweaksApp
    write-file /Users/runner/work/NextJailbreak/NextJailbreak/NextTweaksApp/build/Build/Intermediates.noindex/NextTweaks.build/Release-iphoneos/NextTweaks.build/Objects-normal/arm64/NextTweaks.LinkFileList

WriteAuxiliaryFile /Users/runner/work/NextJailbreak/NextJailbreak/NextTweaksApp/build/Build/Intermediates.noindex/NextTweaks.build/Release-iphoneos/NextTweaks.build/Objects-normal/arm64/NextTweaks-OutputFileMap.json (in target 'NextTweaks' from project 'NextTweaks')
    cd /Users/runner/work/NextJailbreak/NextJailbreak/NextTweaksApp
    write-file /Users/runner/work/NextJailbreak/NextJailbreak/NextTweaksApp/build/Build/Intermediates.noindex/NextTweaks.build/Release-iphoneos/NextTweaks.build/Objects-normal/arm64/NextTweaks-OutputFileMap.json

WriteAuxiliaryFile /Users/runner/work/NextJailbreak/NextJailbreak/NextTweaksApp/build/Build/Intermediates.noindex/NextTweaks.build/Release-iphoneos/NextTweaks.build/NextTweaks.hmap (in target 'NextTweaks' from project 'NextTweaks')
    cd /Users/runner/work/NextJailbreak/NextJailbreak/NextTweaksApp
    write-file /Users/runner/work/NextJailbreak/NextJailbreak/NextTweaksApp/build/Build/Intermediates.noindex/NextTweaks.build/Release-iphoneos/NextTweaks.build/NextTweaks.hmap

WriteAuxiliaryFile /Users/runner/work/NextJailbreak/NextJailbreak/NextTweaksApp/build/Build/Intermediates.noindex/NextTweaks.build/Release-iphoneos/NextTweaks.build/NextTweaks.DependencyStaticMetadataFileList (in target 'NextTweaks' from project 'NextTweaks')
    cd /Users/runner/work/NextJailbreak/NextJailbreak/NextTweaksApp
    write-file /Users/runner/work/NextJailbreak/NextJailbreak/NextTweaksApp/build/Build/Intermediates.noindex/NextTweaks.build/Release-iphoneos/NextTweaks.build/NextTweaks.DependencyStaticMetadataFileList

WriteAuxiliaryFile /Users/runner/work/NextJailbreak/NextJailbreak/NextTweaksApp/build/Build/Intermediates.noindex/NextTweaks.build/Release-iphoneos/NextTweaks.build/NextTweaks.DependencyMetadataFileList (in target 'NextTweaks' from project 'NextTweaks')
    cd /Users/runner/work/NextJailbreak/NextJailbreak/NextTweaksApp
    write-file /Users/runner/work/NextJailbreak/NextJailbreak/NextTweaksApp/build/Build/Intermediates.noindex/NextTweaks.build/Release-iphoneos/NextTweaks.build/NextTweaks.DependencyMetadataFileList

WriteAuxiliaryFile /Users/runner/work/NextJailbreak/NextJailbreak/NextTweaksApp/build/Build/Intermediates.noindex/NextTweaks.build/Release-iphoneos/NextTweaks.build/NextTweaks-project-headers.hmap (in target 'NextTweaks' from project 'NextTweaks')
    cd /Users/runner/work/NextJailbreak/NextJailbreak/NextTweaksApp
    write-file /Users/runner/work/NextJailbreak/NextJailbreak/NextTweaksApp/build/Build/Intermediates.noindex/NextTweaks.build/Release-iphoneos/NextTweaks.build/NextTweaks-project-headers.hmap

WriteAuxiliaryFile /Users/runner/work/NextJailbreak/NextJailbreak/NextTweaksApp/build/Build/Intermediates.noindex/NextTweaks.build/Release-iphoneos/NextTweaks.build/NextTweaks-own-target-headers.hmap (in target 'NextTweaks' from project 'NextTweaks')
    cd /Users/runner/work/NextJailbreak/NextJailbreak/NextTweaksApp
    write-file /Users/runner/work/NextJailbreak/NextJailbreak/NextTweaksApp/build/Build/Intermediates.noindex/NextTweaks.build/Release-iphoneos/NextTweaks.build/NextTweaks-own-target-headers.hmap

WriteAuxiliaryFile /Users/runner/work/NextJailbreak/NextJailbreak/NextTweaksApp/build/Build/Intermediates.noindex/NextTweaks.build/Release-iphoneos/NextTweaks.build/NextTweaks-generated-files.hmap (in target 'NextTweaks' from project 'NextTweaks')
    cd /Users/runner/work/NextJailbreak/NextJailbreak/NextTweaksApp
    write-file /Users/runner/work/NextJailbreak/NextJailbreak/NextTweaksApp/build/Build/Intermediates.noindex/NextTweaks.build/Release-iphoneos/NextTweaks.build/NextTweaks-generated-files.hmap

WriteAuxiliaryFile /Users/runner/work/NextJailbreak/NextJailbreak/NextTweaksApp/build/Build/Intermediates.noindex/NextTweaks.build/Release-iphoneos/NextTweaks.build/NextTweaks-all-target-headers.hmap (in target 'NextTweaks' from project 'NextTweaks')
    cd /Users/runner/work/NextJailbreak/NextJailbreak/NextTweaksApp
    write-file /Users/runner/work/NextJailbreak/NextJailbreak/NextTweaksApp/build/Build/Intermediates.noindex/NextTweaks.build/Release-iphoneos/NextTweaks.build/NextTweaks-all-target-headers.hmap

WriteAuxiliaryFile /Users/runner/work/NextJailbreak/NextJailbreak/NextTweaksApp/build/Build/Intermediates.noindex/NextTweaks.build/Release-iphoneos/NextTweaks.build/NextTweaks-all-non-framework-target-headers.hmap (in target 'NextTweaks' from project 'NextTweaks')
    cd /Users/runner/work/NextJailbreak/NextJailbreak/NextTweaksApp
    write-file /Users/runner/work/NextJailbreak/NextJailbreak/NextTweaksApp/build/Build/Intermediates.noindex/NextTweaks.build/Release-iphoneos/NextTweaks.build/NextTweaks-all-non-framework-target-headers.hmap

MkDir /Users/runner/work/NextJailbreak/NextJailbreak/NextTweaksApp/build/Build/Products/Release-iphoneos/NextTweaks.app (in target 'NextTweaks' from project 'NextTweaks')
    cd /Users/runner/work/NextJailbreak/NextJailbreak/NextTweaksApp
    /bin/mkdir -p /Users/runner/work/NextJailbreak/NextJailbreak/NextTweaksApp/build/Build/Products/Release-iphoneos/NextTweaks.app

MkDir /Users/runner/work/NextJailbreak/NextJailbreak/NextTweaksApp/build/Build/Intermediates.noindex/NextTweaks.build/Release-iphoneos/NextTweaks.build/assetcatalog_output/unthinned (in target 'NextTweaks' from project 'NextTweaks')
    cd /Users/runner/work/NextJailbreak/NextJailbreak/NextTweaksApp
    /bin/mkdir -p /Users/runner/work/NextJailbreak/NextJailbreak/NextTweaksApp/build/Build/Intermediates.noindex/NextTweaks.build/Release-iphoneos/NextTweaks.build/assetcatalog_output/unthinned

MkDir /Users/runner/work/NextJailbreak/NextJailbreak/NextTweaksApp/build/Build/Intermediates.noindex/NextTweaks.build/Release-iphoneos/NextTweaks.build/assetcatalog_output/thinned (in target 'NextTweaks' from project 'NextTweaks')
    cd /Users/runner/work/NextJailbreak/NextJailbreak/NextTweaksApp
    /bin/mkdir -p /Users/runner/work/NextJailbreak/NextJailbreak/NextTweaksApp/build/Build/Intermediates.noindex/NextTweaks.build/Release-iphoneos/NextTweaks.build/assetcatalog_output/thinned

GenerateAssetSymbols /Users/runner/work/NextJailbreak/NextJailbreak/NextTweaksApp/NextTweaks/Assets.xcassets (in target 'NextTweaks' from project 'NextTweaks')
    cd /Users/runner/work/NextJailbreak/NextJailbreak/NextTweaksApp
    /Applications/Xcode_16.4.app/Contents/Developer/usr/bin/actool /Users/runner/work/NextJailbreak/NextJailbreak/NextTweaksApp/NextTweaks/Assets.xcassets --compile /Users/runner/work/NextJailbreak/NextJailbreak/NextTweaksApp/build/Build/Products/Release-iphoneos/NextTweaks.app --output-format human-readable-text --notices --warnings --export-dependency-info /Users/runner/work/NextJailbreak/NextJailbreak/NextTweaksApp/build/Build/Intermediates.noindex/NextTweaks.build/Release-iphoneos/NextTweaks.build/assetcatalog_dependencies --output-partial-info-plist /Users/runner/work/NextJailbreak/NextJailbreak/NextTweaksApp/build/Build/Intermediates.noindex/NextTweaks.build/Release-iphoneos/NextTweaks.build/assetcatalog_generated_info.plist --app-icon AppIcon --compress-pngs --enable-on-demand-resources YES --development-region en --target-device iphone --target-device ipad --minimum-deployment-target 16.0 --platform iphoneos --bundle-identifier com.nextsolution.nexttweaks --generate-swift-asset-symbol-extensions NO --generate-swift-asset-symbols /Users/runner/work/NextJailbreak/NextJailbreak/NextTweaksApp/build/Build/Intermediates.noindex/NextTweaks.build/Release-iphoneos/NextTweaks.build/DerivedSources/GeneratedAssetSymbols.swift --generate-objc-asset-symbols /Users/runner/work/NextJailbreak/NextJailbreak/NextTweaksApp/build/Build/Intermediates.noindex/NextTweaks.build/Release-iphoneos/NextTweaks.build/DerivedSources/GeneratedAssetSymbols.h --generate-asset-symbol-index /Users/runner/work/NextJailbreak/NextJailbreak/NextTweaksApp/build/Build/Intermediates.noindex/NextTweaks.build/Release-iphoneos/NextTweaks.build/DerivedSources/GeneratedAssetSymbols-Index.plist
/* com.apple.actool.compilation-results */
/Users/runner/work/NextJailbreak/NextJailbreak/NextTweaksApp/build/Build/Intermediates.noindex/NextTweaks.build/Release-iphoneos/NextTweaks.build/DerivedSources/GeneratedAssetSymbols-Index.plist
/Users/runner/work/NextJailbreak/NextJailbreak/NextTweaksApp/build/Build/Intermediates.noindex/NextTweaks.build/Release-iphoneos/NextTweaks.build/DerivedSources/GeneratedAssetSymbols.h
/Users/runner/work/NextJailbreak/NextJailbreak/NextTweaksApp/build/Build/Intermediates.noindex/NextTweaks.build/Release-iphoneos/NextTweaks.build/DerivedSources/GeneratedAssetSymbols.swift


CompileAssetCatalogVariant thinned /Users/runner/work/NextJailbreak/NextJailbreak/NextTweaksApp/build/Build/Products/Release-iphoneos/NextTweaks.app /Users/runner/work/NextJailbreak/NextJailbreak/NextTweaksApp/NextTweaks/Assets.xcassets (in target 'NextTweaks' from project 'NextTweaks')
    cd /Users/runner/work/NextJailbreak/NextJailbreak/NextTweaksApp
    /Applications/Xcode_16.4.app/Contents/Developer/usr/bin/actool /Users/runner/work/NextJailbreak/NextJailbreak/NextTweaksApp/NextTweaks/Assets.xcassets --compile /Users/runner/work/NextJailbreak/NextJailbreak/NextTweaksApp/build/Build/Intermediates.noindex/NextTweaks.build/Release-iphoneos/NextTweaks.build/assetcatalog_output/thinned --output-format human-readable-text --notices --warnings --export-dependency-info /Users/runner/work/NextJailbreak/NextJailbreak/NextTweaksApp/build/Build/Intermediates.noindex/NextTweaks.build/Release-iphoneos/NextTweaks.build/assetcatalog_dependencies_thinned --output-partial-info-plist /Users/runner/work/NextJailbreak/NextJailbreak/NextTweaksApp/build/Build/Intermediates.noindex/NextTweaks.build/Release-iphoneos/NextTweaks.build/assetcatalog_generated_info.plist_thinned --app-icon AppIcon --compress-pngs --enable-on-demand-resources YES --development-region en --target-device iphone --target-device ipad --minimum-deployment-target 16.0 --platform iphoneos
/* com.apple.actool.compilation-results */
/Users/runner/work/NextJailbreak/NextJailbreak/NextTweaksApp/build/Build/Intermediates.noindex/NextTweaks.build/Release-iphoneos/NextTweaks.build/assetcatalog_generated_info.plist_thinned
/Users/runner/work/NextJailbreak/NextJailbreak/NextTweaksApp/build/Build/Intermediates.noindex/NextTweaks.build/Release-iphoneos/NextTweaks.build/assetcatalog_output/thinned/AppIcon60x60@2x.png
/Users/runner/work/NextJailbreak/NextJailbreak/NextTweaksApp/build/Build/Intermediates.noindex/NextTweaks.build/Release-iphoneos/NextTweaks.build/assetcatalog_output/thinned/AppIcon76x76@2x~ipad.png
/Users/runner/work/NextJailbreak/NextJailbreak/NextTweaksApp/build/Build/Intermediates.noindex/NextTweaks.build/Release-iphoneos/NextTweaks.build/assetcatalog_output/thinned/Assets.car


SwiftDriver NextTweaks normal arm64 com.apple.xcode.tools.swift.compiler (in target 'NextTweaks' from project 'NextTweaks')
    cd /Users/runner/work/NextJailbreak/NextJailbreak/NextTweaksApp
    builtin-SwiftDriver -- /Applications/Xcode_16.4.app/Contents/Developer/Toolchains/XcodeDefault.xctoolchain/usr/bin/swiftc -module-name NextTweaks -O -whole-module-optimization -enforce-exclusivity\=checked @/Users/runner/work/NextJailbreak/NextJailbreak/NextTweaksApp/build/Build/Intermediates.noindex/NextTweaks.build/Release-iphoneos/NextTweaks.build/Objects-normal/arm64/NextTweaks.SwiftFileList -enable-bare-slash-regex -enable-experimental-feature DebugDescriptionMacro -sdk /Applications/Xcode_16.4.app/Contents/Developer/Platforms/iPhoneOS.platform/Developer/SDKs/iPhoneOS18.5.sdk -target arm64-apple-ios16.0 -g -module-cache-path /Users/runner/work/NextJailbreak/NextJailbreak/NextTweaksApp/build/ModuleCache.noindex -Xfrontend -serialize-debugging-options -swift-version 5 -I /Users/runner/work/NextJailbreak/NextJailbreak/NextTweaksApp/build/Build/Products/Release-iphoneos -F /Users/runner/work/NextJailbreak/NextJailbreak/NextTweaksApp/build/Build/Products/Release-iphoneos -c -num-threads 3 -Xcc -ivfsstatcache -Xcc /Users/runner/work/NextJailbreak/NextJailbreak/NextTweaksApp/build/SDKStatCaches.noindex/iphoneos18.5-22F76-a529daf784b3616c7c04a36aeb7f5c05.sdkstatcache -output-file-map /Users/runner/work/NextJailbreak/NextJailbreak/NextTweaksApp/build/Build/Intermediates.noindex/NextTweaks.build/Release-iphoneos/NextTweaks.build/Objects-normal/arm64/NextTweaks-OutputFileMap.json -use-frontend-parseable-output -save-temps -no-color-diagnostics -serialize-diagnostics -emit-dependencies -emit-module -emit-module-path /Users/runner/work/NextJailbreak/NextJailbreak/NextTweaksApp/build/Build/Intermediates.noindex/NextTweaks.build/Release-iphoneos/NextTweaks.build/Objects-normal/arm64/NextTweaks.swiftmodule -validate-clang-modules-once -clang-build-session-file /Users/runner/work/NextJailbreak/NextJailbreak/NextTweaksApp/build/ModuleCache.noindex/Session.modulevalidation -Xcc -I/Users/runner/work/NextJailbreak/NextJailbreak/NextTweaksApp/build/Build/Intermediates.noindex/NextTweaks.build/Release-iphoneos/NextTweaks.build/swift-overrides.hmap -emit-const-values -Xfrontend -const-gather-protocols-file -Xfrontend /Users/runner/work/NextJailbreak/NextJailbreak/NextTweaksApp/build/Build/Intermediates.noindex/NextTweaks.build/Release-iphoneos/NextTweaks.build/Objects-normal/arm64/NextTweaks_const_extract_protocols.json -Xcc -iquote -Xcc /Users/runner/work/NextJailbreak/NextJailbreak/NextTweaksApp/build/Build/Intermediates.noindex/NextTweaks.build/Release-iphoneos/NextTweaks.build/NextTweaks-generated-files.hmap -Xcc -I/Users/runner/work/NextJailbreak/NextJailbreak/NextTweaksApp/build/Build/Intermediates.noindex/NextTweaks.build/Release-iphoneos/NextTweaks.build/NextTweaks-own-target-headers.hmap -Xcc -I/Users/runner/work/NextJailbreak/NextJailbreak/NextTweaksApp/build/Build/Intermediates.noindex/NextTweaks.build/Release-iphoneos/NextTweaks.build/NextTweaks-all-target-headers.hmap -Xcc -iquote -Xcc /Users/runner/work/NextJailbreak/NextJailbreak/NextTweaksApp/build/Build/Intermediates.noindex/NextTweaks.build/Release-iphoneos/NextTweaks.build/NextTweaks-project-headers.hmap -Xcc -I/Users/runner/work/NextJailbreak/NextJailbreak/NextTweaksApp/build/Build/Products/Release-iphoneos/include -Xcc -I/Users/runner/work/NextJailbreak/NextJailbreak/NextTweaksApp/build/Build/Intermediates.noindex/NextTweaks.build/Release-iphoneos/NextTweaks.build/DerivedSources-normal/arm64 -Xcc -I/Users/runner/work/NextJailbreak/NextJailbreak/NextTweaksApp/build/Build/Intermediates.noindex/NextTweaks.build/Release-iphoneos/NextTweaks.build/DerivedSources/arm64 -Xcc -I/Users/runner/work/NextJailbreak/NextJailbreak/NextTweaksApp/build/Build/Intermediates.noindex/NextTweaks.build/Release-iphoneos/NextTweaks.build/DerivedSources -emit-objc-header -emit-objc-header-path /Users/runner/work/NextJailbreak/NextJailbreak/NextTweaksApp/build/Build/Intermediates.noindex/NextTweaks.build/Release-iphoneos/NextTweaks.build/Objects-normal/arm64/NextTweaks-Swift.h -working-directory /Users/runner/work/NextJailbreak/NextJailbreak/NextTweaksApp -no-emit-module-separately-wmo

SwiftCompile normal arm64 Compiling\ NextTweaksApp.swift,\ GeneratedAssetSymbols.swift /Users/runner/work/NextJailbreak/NextJailbreak/NextTweaksApp/NextTweaks/NextTweaksApp.swift /Users/runner/work/NextJailbreak/NextJailbreak/NextTweaksApp/build/Build/Intermediates.noindex/NextTweaks.build/Release-iphoneos/NextTweaks.build/DerivedSources/GeneratedAssetSymbols.swift (in target 'NextTweaks' from project 'NextTweaks')

CompileSwift normal arm64 (in target 'NextTweaks' from project 'NextTweaks')
    cd /Users/runner/work/NextJailbreak/NextJailbreak/NextTweaksApp
    

SwiftDriver\ Compilation NextTweaks normal arm64 com.apple.xcode.tools.swift.compiler (in target 'NextTweaks' from project 'NextTweaks')
    cd /Users/runner/work/NextJailbreak/NextJailbreak/NextTweaksApp
    builtin-Swift-Compilation -- /Applications/Xcode_16.4.app/Contents/Developer/Toolchains/XcodeDefault.xctoolchain/usr/bin/swiftc -module-name NextTweaks -O -whole-module-optimization -enforce-exclusivity\=checked @/Users/runner/work/NextJailbreak/NextJailbreak/NextTweaksApp/build/Build/Intermediates.noindex/NextTweaks.build/Release-iphoneos/NextTweaks.build/Objects-normal/arm64/NextTweaks.SwiftFileList -enable-bare-slash-regex -enable-experimental-feature DebugDescriptionMacro -sdk /Applications/Xcode_16.4.app/Contents/Developer/Platforms/iPhoneOS.platform/Developer/SDKs/iPhoneOS18.5.sdk -target arm64-apple-ios16.0 -g -module-cache-path /Users/runner/work/NextJailbreak/NextJailbreak/NextTweaksApp/build/ModuleCache.noindex -Xfrontend -serialize-debugging-options -swift-version 5 -I /Users/runner/work/NextJailbreak/NextJailbreak/NextTweaksApp/build/Build/Products/Release-iphoneos -F /Users/runner/work/NextJailbreak/NextJailbreak/NextTweaksApp/build/Build/Products/Release-iphoneos -c -num-threads 3 -Xcc -ivfsstatcache -Xcc /Users/runner/work/NextJailbreak/NextJailbreak/NextTweaksApp/build/SDKStatCaches.noindex/iphoneos18.5-22F76-a529daf784b3616c7c04a36aeb7f5c05.sdkstatcache -output-file-map /Users/runner/work/NextJailbreak/NextJailbreak/NextTweaksApp/build/Build/Intermediates.noindex/NextTweaks.build/Release-iphoneos/NextTweaks.build/Objects-normal/arm64/NextTweaks-OutputFileMap.json -use-frontend-parseable-output -save-temps -no-color-diagnostics -serialize-diagnostics -emit-dependencies -emit-module -emit-module-path /Users/runner/work/NextJailbreak/NextJailbreak/NextTweaksApp/build/Build/Intermediates.noindex/NextTweaks.build/Release-iphoneos/NextTweaks.build/Objects-normal/arm64/NextTweaks.swiftmodule -validate-clang-modules-once -clang-build-session-file /Users/runner/work/NextJailbreak/NextJailbreak/NextTweaksApp/build/ModuleCache.noindex/Session.modulevalidation -Xcc -I/Users/runner/work/NextJailbreak/NextJailbreak/NextTweaksApp/build/Build/Intermediates.noindex/NextTweaks.build/Release-iphoneos/NextTweaks.build/swift-overrides.hmap -emit-const-values -Xfrontend -const-gather-protocols-file -Xfrontend /Users/runner/work/NextJailbreak/NextJailbreak/NextTweaksApp/build/Build/Intermediates.noindex/NextTweaks.build/Release-iphoneos/NextTweaks.build/Objects-normal/arm64/NextTweaks_const_extract_protocols.json -Xcc -iquote -Xcc /Users/runner/work/NextJailbreak/NextJailbreak/NextTweaksApp/build/Build/Intermediates.noindex/NextTweaks.build/Release-iphoneos/NextTweaks.build/NextTweaks-generated-files.hmap -Xcc -I/Users/runner/work/NextJailbreak/NextJailbreak/NextTweaksApp/build/Build/Intermediates.noindex/NextTweaks.build/Release-iphoneos/NextTweaks.build/NextTweaks-own-target-headers.hmap -Xcc -I/Users/runner/work/NextJailbreak/NextJailbreak/NextTweaksApp/build/Build/Intermediates.noindex/NextTweaks.build/Release-iphoneos/NextTweaks.build/NextTweaks-all-target-headers.hmap -Xcc -iquote -Xcc /Users/runner/work/NextJailbreak/NextJailbreak/NextTweaksApp/build/Build/Intermediates.noindex/NextTweaks.build/Release-iphoneos/NextTweaks.build/NextTweaks-project-headers.hmap -Xcc -I/Users/runner/work/NextJailbreak/NextJailbreak/NextTweaksApp/build/Build/Products/Release-iphoneos/include -Xcc -I/Users/runner/work/NextJailbreak/NextJailbreak/NextTweaksApp/build/Build/Intermediates.noindex/NextTweaks.build/Release-iphoneos/NextTweaks.build/DerivedSources-normal/arm64 -Xcc -I/Users/runner/work/NextJailbreak/NextJailbreak/NextTweaksApp/build/Build/Intermediates.noindex/NextTweaks.build/Release-iphoneos/NextTweaks.build/DerivedSources/arm64 -Xcc -I/Users/runner/work/NextJailbreak/NextJailbreak/NextTweaksApp/build/Build/Intermediates.noindex/NextTweaks.build/Release-iphoneos/NextTweaks.build/DerivedSources -emit-objc-header -emit-objc-header-path /Users/runner/work/NextJailbreak/NextJailbreak/NextTweaksApp/build/Build/Intermediates.noindex/NextTweaks.build/Release-iphoneos/NextTweaks.build/Objects-normal/arm64/NextTweaks-Swift.h -working-directory /Users/runner/work/NextJailbreak/NextJailbreak/NextTweaksApp -no-emit-module-separately-wmo

SwiftDriverJobDiscovery normal arm64 Compiling NextTweaksApp.swift, GeneratedAssetSymbols.swift (in target 'NextTweaks' from project 'NextTweaks')

SwiftDriver\ Compilation\ Requirements NextTweaks normal arm64 com.apple.xcode.tools.swift.compiler (in target 'NextTweaks' from project 'NextTweaks')
    cd /Users/runner/work/NextJailbreak/NextJailbreak/NextTweaksApp
    builtin-Swift-Compilation-Requirements -- /Applications/Xcode_16.4.app/Contents/Developer/Toolchains/XcodeDefault.xctoolchain/usr/bin/swiftc -module-name NextTweaks -O -whole-module-optimization -enforce-exclusivity\=checked @/Users/runner/work/NextJailbreak/NextJailbreak/NextTweaksApp/build/Build/Intermediates.noindex/NextTweaks.build/Release-iphoneos/NextTweaks.build/Objects-normal/arm64/NextTweaks.SwiftFileList -enable-bare-slash-regex -enable-experimental-feature DebugDescriptionMacro -sdk /Applications/Xcode_16.4.app/Contents/Developer/Platforms/iPhoneOS.platform/Developer/SDKs/iPhoneOS18.5.sdk -target arm64-apple-ios16.0 -g -module-cache-path /Users/runner/work/NextJailbreak/NextJailbreak/NextTweaksApp/build/ModuleCache.noindex -Xfrontend -serialize-debugging-options -swift-version 5 -I /Users/runner/work/NextJailbreak/NextJailbreak/NextTweaksApp/build/Build/Products/Release-iphoneos -F /Users/runner/work/NextJailbreak/NextJailbreak/NextTweaksApp/build/Build/Products/Release-iphoneos -c -num-threads 3 -Xcc -ivfsstatcache -Xcc /Users/runner/work/NextJailbreak/NextJailbreak/NextTweaksApp/build/SDKStatCaches.noindex/iphoneos18.5-22F76-a529daf784b3616c7c04a36aeb7f5c05.sdkstatcache -output-file-map /Users/runner/work/NextJailbreak/NextJailbreak/NextTweaksApp/build/Build/Intermediates.noindex/NextTweaks.build/Release-iphoneos/NextTweaks.build/Objects-normal/arm64/NextTweaks-OutputFileMap.json -use-frontend-parseable-output -save-temps -no-color-diagnostics -serialize-diagnostics -emit-dependencies -emit-module -emit-module-path /Users/runner/work/NextJailbreak/NextJailbreak/NextTweaksApp/build/Build/Intermediates.noindex/NextTweaks.build/Release-iphoneos/NextTweaks.build/Objects-normal/arm64/NextTweaks.swiftmodule -validate-clang-modules-once -clang-build-session-file /Users/runner/work/NextJailbreak/NextJailbreak/NextTweaksApp/build/ModuleCache.noindex/Session.modulevalidation -Xcc -I/Users/runner/work/NextJailbreak/NextJailbreak/NextTweaksApp/build/Build/Intermediates.noindex/NextTweaks.build/Release-iphoneos/NextTweaks.build/swift-overrides.hmap -emit-const-values -Xfrontend -const-gather-protocols-file -Xfrontend /Users/runner/work/NextJailbreak/NextJailbreak/NextTweaksApp/build/Build/Intermediates.noindex/NextTweaks.build/Release-iphoneos/NextTweaks.build/Objects-normal/arm64/NextTweaks_const_extract_protocols.json -Xcc -iquote -Xcc /Users/runner/work/NextJailbreak/NextJailbreak/NextTweaksApp/build/Build/Intermediates.noindex/NextTweaks.build/Release-iphoneos/NextTweaks.build/NextTweaks-generated-files.hmap -Xcc -I/Users/runner/work/NextJailbreak/NextJailbreak/NextTweaksApp/build/Build/Intermediates.noindex/NextTweaks.build/Release-iphoneos/NextTweaks.build/NextTweaks-own-target-headers.hmap -Xcc -I/Users/runner/work/NextJailbreak/NextJailbreak/NextTweaksApp/build/Build/Intermediates.noindex/NextTweaks.build/Release-iphoneos/NextTweaks.build/NextTweaks-all-target-headers.hmap -Xcc -iquote -Xcc /Users/runner/work/NextJailbreak/NextJailbreak/NextTweaksApp/build/Build/Intermediates.noindex/NextTweaks.build/Release-iphoneos/NextTweaks.build/NextTweaks-project-headers.hmap -Xcc -I/Users/runner/work/NextJailbreak/NextJailbreak/NextTweaksApp/build/Build/Products/Release-iphoneos/include -Xcc -I/Users/runner/work/NextJailbreak/NextJailbreak/NextTweaksApp/build/Build/Intermediates.noindex/NextTweaks.build/Release-iphoneos/NextTweaks.build/DerivedSources-normal/arm64 -Xcc -I/Users/runner/work/NextJailbreak/NextJailbreak/NextTweaksApp/build/Build/Intermediates.noindex/NextTweaks.build/Release-iphoneos/NextTweaks.build/DerivedSources/arm64 -Xcc -I/Users/runner/work/NextJailbreak/NextJailbreak/NextTweaksApp/build/Build/Intermediates.noindex/NextTweaks.build/Release-iphoneos/NextTweaks.build/DerivedSources -emit-objc-header -emit-objc-header-path /Users/runner/work/NextJailbreak/NextJailbreak/NextTweaksApp/build/Build/Intermediates.noindex/NextTweaks.build/Release-iphoneos/NextTweaks.build/Objects-normal/arm64/NextTweaks-Swift.h -working-directory /Users/runner/work/NextJailbreak/NextJailbreak/NextTweaksApp -no-emit-module-separately-wmo

SwiftMergeGeneratedHeaders /Users/runner/work/NextJailbreak/NextJailbreak/NextTweaksApp/build/Build/Intermediates.noindex/NextTweaks.build/Release-iphoneos/NextTweaks.build/DerivedSources/NextTweaks-Swift.h /Users/runner/work/NextJailbreak/NextJailbreak/NextTweaksApp/build/Build/Intermediates.noindex/NextTweaks.build/Release-iphoneos/NextTweaks.build/Objects-normal/arm64/NextTweaks-Swift.h (in target 'NextTweaks' from project 'NextTweaks')
    cd /Users/runner/work/NextJailbreak/NextJailbreak/NextTweaksApp
    builtin-swiftHeaderTool -arch arm64 /Users/runner/work/NextJailbreak/NextJailbreak/NextTweaksApp/build/Build/Intermediates.noindex/NextTweaks.build/Release-iphoneos/NextTweaks.build/Objects-normal/arm64/NextTweaks-Swift.h -o /Users/runner/work/NextJailbreak/NextJailbreak/NextTweaksApp/build/Build/Intermediates.noindex/NextTweaks.build/Release-iphoneos/NextTweaks.build/DerivedSources/NextTweaks-Swift.h

Copy /Users/runner/work/NextJailbreak/NextJailbreak/NextTweaksApp/build/Build/Products/Release-iphoneos/NextTweaks.swiftmodule/arm64-apple-ios.swiftmodule /Users/runner/work/NextJailbreak/NextJailbreak/NextTweaksApp/build/Build/Intermediates.noindex/NextTweaks.build/Release-iphoneos/NextTweaks.build/Objects-normal/arm64/NextTweaks.swiftmodule (in target 'NextTweaks' from project 'NextTweaks')
    cd /Users/runner/work/NextJailbreak/NextJailbreak/NextTweaksApp
    builtin-copy -exclude .DS_Store -exclude CVS -exclude .svn -exclude .git -exclude .hg -resolve-src-symlinks -rename /Users/runner/work/NextJailbreak/NextJailbreak/NextTweaksApp/build/Build/Intermediates.noindex/NextTweaks.build/Release-iphoneos/NextTweaks.build/Objects-normal/arm64/NextTweaks.swiftmodule /Users/runner/work/NextJailbreak/NextJailbreak/NextTweaksApp/build/Build/Products/Release-iphoneos/NextTweaks.swiftmodule/arm64-apple-ios.swiftmodule

Copy /Users/runner/work/NextJailbreak/NextJailbreak/NextTweaksApp/build/Build/Products/Release-iphoneos/NextTweaks.swiftmodule/arm64-apple-ios.swiftdoc /Users/runner/work/NextJailbreak/NextJailbreak/NextTweaksApp/build/Build/Intermediates.noindex/NextTweaks.build/Release-iphoneos/NextTweaks.build/Objects-normal/arm64/NextTweaks.swiftdoc (in target 'NextTweaks' from project 'NextTweaks')
    cd /Users/runner/work/NextJailbreak/NextJailbreak/NextTweaksApp
    builtin-copy -exclude .DS_Store -exclude CVS -exclude .svn -exclude .git -exclude .hg -resolve-src-symlinks -rename /Users/runner/work/NextJailbreak/NextJailbreak/NextTweaksApp/build/Build/Intermediates.noindex/NextTweaks.build/Release-iphoneos/NextTweaks.build/Objects-normal/arm64/NextTweaks.swiftdoc /Users/runner/work/NextJailbreak/NextJailbreak/NextTweaksApp/build/Build/Products/Release-iphoneos/NextTweaks.swiftmodule/arm64-apple-ios.swiftdoc

Copy /Users/runner/work/NextJailbreak/NextJailbreak/NextTweaksApp/build/Build/Products/Release-iphoneos/NextTweaks.swiftmodule/arm64-apple-ios.abi.json /Users/runner/work/NextJailbreak/NextJailbreak/NextTweaksApp/build/Build/Intermediates.noindex/NextTweaks.build/Release-iphoneos/NextTweaks.build/Objects-normal/arm64/NextTweaks.abi.json (in target 'NextTweaks' from project 'NextTweaks')
    cd /Users/runner/work/NextJailbreak/NextJailbreak/NextTweaksApp
    builtin-copy -exclude .DS_Store -exclude CVS -exclude .svn -exclude .git -exclude .hg -resolve-src-symlinks -rename /Users/runner/work/NextJailbreak/NextJailbreak/NextTweaksApp/build/Build/Intermediates.noindex/NextTweaks.build/Release-iphoneos/NextTweaks.build/Objects-normal/arm64/NextTweaks.abi.json /Users/runner/work/NextJailbreak/NextJailbreak/NextTweaksApp/build/Build/Products/Release-iphoneos/NextTweaks.swiftmodule/arm64-apple-ios.abi.json

Copy /Users/runner/work/NextJailbreak/NextJailbreak/NextTweaksApp/build/Build/Products/Release-iphoneos/NextTweaks.swiftmodule/Project/arm64-apple-ios.swiftsourceinfo /Users/runner/work/NextJailbreak/NextJailbreak/NextTweaksApp/build/Build/Intermediates.noindex/NextTweaks.build/Release-iphoneos/NextTweaks.build/Objects-normal/arm64/NextTweaks.swiftsourceinfo (in target 'NextTweaks' from project 'NextTweaks')
    cd /Users/runner/work/NextJailbreak/NextJailbreak/NextTweaksApp
    builtin-copy -exclude .DS_Store -exclude CVS -exclude .svn -exclude .git -exclude .hg -resolve-src-symlinks -rename /Users/runner/work/NextJailbreak/NextJailbreak/NextTweaksApp/build/Build/Intermediates.noindex/NextTweaks.build/Release-iphoneos/NextTweaks.build/Objects-normal/arm64/NextTweaks.swiftsourceinfo /Users/runner/work/NextJailbreak/NextJailbreak/NextTweaksApp/build/Build/Products/Release-iphoneos/NextTweaks.swiftmodule/Project/arm64-apple-ios.swiftsourceinfo

Ld /Users/runner/work/NextJailbreak/NextJailbreak/NextTweaksApp/build/Build/Products/Release-iphoneos/NextTweaks.app/NextTweaks normal (in target 'NextTweaks' from project 'NextTweaks')
    cd /Users/runner/work/NextJailbreak/NextJailbreak/NextTweaksApp
    /Applications/Xcode_16.4.app/Contents/Developer/Toolchains/XcodeDefault.xctoolchain/usr/bin/clang -Xlinker -reproducible -target arm64-apple-ios16.0 -isysroot /Applications/Xcode_16.4.app/Contents/Developer/Platforms/iPhoneOS.platform/Developer/SDKs/iPhoneOS18.5.sdk -Os -L/Users/runner/work/NextJailbreak/NextJailbreak/NextTweaksApp/build/Build/Intermediates.noindex/EagerLinkingTBDs/Release-iphoneos -L/Users/runner/work/NextJailbreak/NextJailbreak/NextTweaksApp/build/Build/Products/Release-iphoneos -F/Users/runner/work/NextJailbreak/NextJailbreak/NextTweaksApp/build/Build/Intermediates.noindex/EagerLinkingTBDs/Release-iphoneos -F/Users/runner/work/NextJailbreak/NextJailbreak/NextTweaksApp/build/Build/Products/Release-iphoneos -filelist /Users/runner/work/NextJailbreak/NextJailbreak/NextTweaksApp/build/Build/Intermediates.noindex/NextTweaks.build/Release-iphoneos/NextTweaks.build/Objects-normal/arm64/NextTweaks.LinkFileList -Xlinker -rpath -Xlinker @executable_path/Frameworks -dead_strip -Xlinker -object_path_lto -Xlinker /Users/runner/work/NextJailbreak/NextJailbreak/NextTweaksApp/build/Build/Intermediates.noindex/NextTweaks.build/Release-iphoneos/NextTweaks.build/Objects-normal/arm64/NextTweaks_lto.o -Xlinker -dependency_info -Xlinker /Users/runner/work/NextJailbreak/NextJailbreak/NextTweaksApp/build/Build/Intermediates.noindex/NextTweaks.build/Release-iphoneos/NextTweaks.build/Objects-normal/arm64/NextTweaks_dependency_info.dat -fobjc-link-runtime -L/Applications/Xcode_16.4.app/Contents/Developer/Toolchains/XcodeDefault.xctoolchain/usr/lib/swift/iphoneos -L/usr/lib/swift -Xlinker -add_ast_path -Xlinker /Users/runner/work/NextJailbreak/NextJailbreak/NextTweaksApp/build/Build/Intermediates.noindex/NextTweaks.build/Release-iphoneos/NextTweaks.build/Objects-normal/arm64/NextTweaks.swiftmodule -o /Users/runner/work/NextJailbreak/NextJailbreak/NextTweaksApp/build/Build/Products/Release-iphoneos/NextTweaks.app/NextTweaks

LinkAssetCatalog /Users/runner/work/NextJailbreak/NextJailbreak/NextTweaksApp/NextTweaks/Assets.xcassets (in target 'NextTweaks' from project 'NextTweaks')
    cd /Users/runner/work/NextJailbreak/NextJailbreak/NextTweaksApp
    builtin-linkAssetCatalog --thinned /Users/runner/work/NextJailbreak/NextJailbreak/NextTweaksApp/build/Build/Intermediates.noindex/NextTweaks.build/Release-iphoneos/NextTweaks.build/assetcatalog_output/thinned --thinned-dependencies /Users/runner/work/NextJailbreak/NextJailbreak/NextTweaksApp/build/Build/Intermediates.noindex/NextTweaks.build/Release-iphoneos/NextTweaks.build/assetcatalog_dependencies_thinned --thinned-info-plist-content /Users/runner/work/NextJailbreak/NextJailbreak/NextTweaksApp/build/Build/Intermediates.noindex/NextTweaks.build/Release-iphoneos/NextTweaks.build/assetcatalog_generated_info.plist_thinned --unthinned /Users/runner/work/NextJailbreak/NextJailbreak/NextTweaksApp/build/Build/Intermediates.noindex/NextTweaks.build/Release-iphoneos/NextTweaks.build/assetcatalog_output/unthinned --unthinned-dependencies /Users/runner/work/NextJailbreak/NextJailbreak/NextTweaksApp/build/Build/Intermediates.noindex/NextTweaks.build/Release-iphoneos/NextTweaks.build/assetcatalog_dependencies_unthinned --unthinned-info-plist-content /Users/runner/work/NextJailbreak/NextJailbreak/NextTweaksApp/build/Build/Intermediates.noindex/NextTweaks.build/Release-iphoneos/NextTweaks.build/assetcatalog_generated_info.plist_unthinned --output /Users/runner/work/NextJailbreak/NextJailbreak/NextTweaksApp/build/Build/Products/Release-iphoneos/NextTweaks.app --plist-output /Users/runner/work/NextJailbreak/NextJailbreak/NextTweaksApp/build/Build/Intermediates.noindex/NextTweaks.build/Release-iphoneos/NextTweaks.build/assetcatalog_generated_info.plist
note: Emplaced /Users/runner/work/NextJailbreak/NextJailbreak/NextTweaksApp/build/Build/Products/Release-iphoneos/NextTweaks.app/Assets.car (in target 'NextTweaks' from project 'NextTweaks')
note: Emplaced /Users/runner/work/NextJailbreak/NextJailbreak/NextTweaksApp/build/Build/Products/Release-iphoneos/NextTweaks.app/AppIcon76x76@2x~ipad.png (in target 'NextTweaks' from project 'NextTweaks')
note: Emplaced /Users/runner/work/NextJailbreak/NextJailbreak/NextTweaksApp/build/Build/Products/Release-iphoneos/NextTweaks.app/AppIcon60x60@2x.png (in target 'NextTweaks' from project 'NextTweaks')

ProcessInfoPlistFile /Users/runner/work/NextJailbreak/NextJailbreak/NextTweaksApp/build/Build/Products/Release-iphoneos/NextTweaks.app/Info.plist /Users/runner/work/NextJailbreak/NextJailbreak/NextTweaksApp/NextTweaks/Info.plist (in target 'NextTweaks' from project 'NextTweaks')
    cd /Users/runner/work/NextJailbreak/NextJailbreak/NextTweaksApp
    builtin-infoPlistUtility /Users/runner/work/NextJailbreak/NextJailbreak/NextTweaksApp/NextTweaks/Info.plist -producttype com.apple.product-type.application -genpkginfo /Users/runner/work/NextJailbreak/NextJailbreak/NextTweaksApp/build/Build/Products/Release-iphoneos/NextTweaks.app/PkgInfo -expandbuildsettings -format binary -platform iphoneos -additionalcontentfile /Users/runner/work/NextJailbreak/NextJailbreak/NextTweaksApp/build/Build/Intermediates.noindex/NextTweaks.build/Release-iphoneos/NextTweaks.build/assetcatalog_generated_info.plist -requiredArchitecture arm64 -o /Users/runner/work/NextJailbreak/NextJailbreak/NextTweaksApp/build/Build/Products/Release-iphoneos/NextTweaks.app/Info.plist

ExtractAppIntentsMetadata (in target 'NextTweaks' from project 'NextTweaks')
    cd /Users/runner/work/NextJailbreak/NextJailbreak/NextTweaksApp
    /Applications/Xcode_16.4.app/Contents/Developer/Toolchains/XcodeDefault.xctoolchain/usr/bin/appintentsmetadataprocessor --toolchain-dir /Applications/Xcode_16.4.app/Contents/Developer/Toolchains/XcodeDefault.xctoolchain --module-name NextTweaks --sdk-root /Applications/Xcode_16.4.app/Contents/Developer/Platforms/iPhoneOS.platform/Developer/SDKs/iPhoneOS18.5.sdk --xcode-version 16F6 --platform-family iOS --deployment-target 16.0 --bundle-identifier com.nextsolution.nexttweaks --output /Users/runner/work/NextJailbreak/NextJailbreak/NextTweaksApp/build/Build/Products/Release-iphoneos/NextTweaks.app --target-triple arm64-apple-ios16.0 --binary-file /Users/runner/work/NextJailbreak/NextJailbreak/NextTweaksApp/build/Build/Products/Release-iphoneos/NextTweaks.app/NextTweaks --dependency-file /Users/runner/work/NextJailbreak/NextJailbreak/NextTweaksApp/build/Build/Intermediates.noindex/NextTweaks.build/Release-iphoneos/NextTweaks.build/Objects-normal/arm64/NextTweaks_dependency_info.dat --stringsdata-file /Users/runner/work/NextJailbreak/NextJailbreak/NextTweaksApp/build/Build/Intermediates.noindex/NextTweaks.build/Release-iphoneos/NextTweaks.build/Objects-normal/arm64/ExtractedAppShortcutsMetadata.stringsdata --source-file-list /Users/runner/work/NextJailbreak/NextJailbreak/NextTweaksApp/build/Build/Intermediates.noindex/NextTweaks.build/Release-iphoneos/NextTweaks.build/Objects-normal/arm64/NextTweaks.SwiftFileList --metadata-file-list /Users/runner/work/NextJailbreak/NextJailbreak/NextTweaksApp/build/Build/Intermediates.noindex/NextTweaks.build/Release-iphoneos/NextTweaks.build/NextTweaks.DependencyMetadataFileList --static-metadata-file-list /Users/runner/work/NextJailbreak/NextJailbreak/NextTweaksApp/build/Build/Intermediates.noindex/NextTweaks.build/Release-iphoneos/NextTweaks.build/NextTweaks.DependencyStaticMetadataFileList --swift-const-vals-list /Users/runner/work/NextJailbreak/NextJailbreak/NextTweaksApp/build/Build/Intermediates.noindex/NextTweaks.build/Release-iphoneos/NextTweaks.build/Objects-normal/arm64/NextTweaks.SwiftConstValuesFileList --compile-time-extraction --deployment-aware-processing --validate-assistant-intents --no-app-shortcuts-localization
2026-10-01 12:27:39.718 appintentsmetadataprocessor[8168:26988] Starting appintentsmetadataprocessor export
2026-10-01 12:27:39.732 appintentsmetadataprocessor[8168:26988] warning: Metadata extraction skipped. No AppIntents.framework dependency found.

CopySwiftLibs /Users/runner/work/NextJailbreak/NextJailbreak/NextTweaksApp/build/Build/Products/Release-iphoneos/NextTweaks.app (in target 'NextTweaks' from project 'NextTweaks')
    cd /Users/runner/work/NextJailbreak/NextJailbreak/NextTweaksApp
    builtin-swiftStdLibTool --copy --verbose --scan-executable /Users/runner/work/NextJailbreak/NextJailbreak/NextTweaksApp/build/Build/Products/Release-iphoneos/NextTweaks.app/NextTweaks --scan-folder /Users/runner/work/NextJailbreak/NextJailbreak/NextTweaksApp/build/Build/Products/Release-iphoneos/NextTweaks.app/Frameworks --scan-folder /Users/runner/work/NextJailbreak/NextJailbreak/NextTweaksApp/build/Build/Products/Release-iphoneos/NextTweaks.app/PlugIns --scan-folder /Users/runner/work/NextJailbreak/NextJailbreak/NextTweaksApp/build/Build/Products/Release-iphoneos/NextTweaks.app/SystemExtensions --scan-folder /Users/runner/work/NextJailbreak/NextJailbreak/NextTweaksApp/build/Build/Products/Release-iphoneos/NextTweaks.app/Extensions --platform iphoneos --toolchain /Applications/Xcode_16.4.app/Contents/Developer/Toolchains/XcodeDefault.xctoolchain --destination /Users/runner/work/NextJailbreak/NextJailbreak/NextTweaksApp/build/Build/Products/Release-iphoneos/NextTweaks.app/Frameworks --strip-bitcode --strip-bitcode-tool /Applications/Xcode_16.4.app/Contents/Developer/Toolchains/XcodeDefault.xctoolchain/usr/bin/bitcode_strip --emit-dependency-info /Users/runner/work/NextJailbreak/NextJailbreak/NextTweaksApp/build/Build/Intermediates.noindex/NextTweaks.build/Release-iphoneos/NextTweaks.build/SwiftStdLibToolInputDependencies.dep --filter-for-swift-os
Ignoring --strip-bitcode because --sign was not passed

GenerateDSYMFile /Users/runner/work/NextJailbreak/NextJailbreak/NextTweaksApp/build/Build/Products/Release-iphoneos/NextTweaks.app.dSYM /Users/runner/work/NextJailbreak/NextJailbreak/NextTweaksApp/build/Build/Products/Release-iphoneos/NextTweaks.app/NextTweaks (in target 'NextTweaks' from project 'NextTweaks')
    cd /Users/runner/work/NextJailbreak/NextJailbreak/NextTweaksApp
    /Applications/Xcode_16.4.app/Contents/Developer/Toolchains/XcodeDefault.xctoolchain/usr/bin/dsymutil /Users/runner/work/NextJailbreak/NextJailbreak/NextTweaksApp/build/Build/Products/Release-iphoneos/NextTweaks.app/NextTweaks -o /Users/runner/work/NextJailbreak/NextJailbreak/NextTweaksApp/build/Build/Products/Release-iphoneos/NextTweaks.app.dSYM

AppIntentsSSUTraining (in target 'NextTweaks' from project 'NextTweaks')
    cd /Users/runner/work/NextJailbreak/NextJailbreak/NextTweaksApp
    /Applications/Xcode_16.4.app/Contents/Developer/Toolchains/XcodeDefault.xctoolchain/usr/bin/appintentsnltrainingprocessor --infoplist-path /Users/runner/work/NextJailbreak/NextJailbreak/NextTweaksApp/build/Build/Products/Release-iphoneos/NextTweaks.app/Info.plist --temp-dir-path /Users/runner/work/NextJailbreak/NextJailbreak/NextTweaksApp/build/Build/Intermediates.noindex/NextTweaks.build/Release-iphoneos/NextTweaks.build/ssu --bundle-id com.nextsolution.nexttweaks --product-path /Users/runner/work/NextJailbreak/NextJailbreak/NextTweaksApp/build/Build/Products/Release-iphoneos/NextTweaks.app --extracted-metadata-path /Users/runner/work/NextJailbreak/NextJailbreak/NextTweaksApp/build/Build/Products/Release-iphoneos/NextTweaks.app/Metadata.appintents --metadata-file-list /Users/runner/work/NextJailbreak/NextJailbreak/NextTweaksApp/build/Build/Intermediates.noindex/NextTweaks.build/Release-iphoneos/NextTweaks.build/NextTweaks.DependencyMetadataFileList --archive-ssu-assets
2026-10-01 12:27:39.783 appintentsnltrainingprocessor[8172:27000] Parsing options for appintentsnltrainingprocessor
2026-10-01 12:27:39.786 appintentsnltrainingprocessor[8172:27000] No AppShortcuts found - Skipping.

RegisterExecutionPolicyException /Users/runner/work/NextJailbreak/NextJailbreak/NextTweaksApp/build/Build/Products/Release-iphoneos/NextTweaks.app (in target 'NextTweaks' from project 'NextTweaks')
    cd /Users/runner/work/NextJailbreak/NextJailbreak/NextTweaksApp
    builtin-RegisterExecutionPolicyException /Users/runner/work/NextJailbreak/NextJailbreak/NextTweaksApp/build/Build/Products/Release-iphoneos/NextTweaks.app

Validate /Users/runner/work/NextJailbreak/NextJailbreak/NextTweaksApp/build/Build/Products/Release-iphoneos/NextTweaks.app (in target 'NextTweaks' from project 'NextTweaks')
    cd /Users/runner/work/NextJailbreak/NextJailbreak/NextTweaksApp
    builtin-validationUtility /Users/runner/work/NextJailbreak/NextJailbreak/NextTweaksApp/build/Build/Products/Release-iphoneos/NextTweaks.app -infoplist-subpath Info.plist
warning: All interface orientations must be supported unless the app requires full screen. (in target 'NextTweaks' from project 'NextTweaks')

Touch /Users/runner/work/NextJailbreak/NextJailbreak/NextTweaksApp/build/Build/Products/Release-iphoneos/NextTweaks.app (in target 'NextTweaks' from project 'NextTweaks')
    cd /Users/runner/work/NextJailbreak/NextJailbreak/NextTweaksApp
    /usr/bin/touch -c /Users/runner/work/NextJailbreak/NextJailbreak/NextTweaksApp/build/Build/Products/Release-iphoneos/NextTweaks.app

note: Disabling previews because SWIFT_VERSION is set and SWIFT_OPTIMIZATION_LEVEL=-O, expected -Onone (in target 'NextTweaks' from project 'NextTweaks')
** BUILD SUCCEEDED **

