Command line invocation:
    /Applications/Xcode_16.4.app/Contents/Developer/usr/bin/xcodebuild -project NextAgent.xcodeproj -scheme NextAgent -configuration Release -sdk iphoneos -derivedDataPath build CODE_SIGNING_ALLOWED=NO CODE_SIGNING_REQUIRED=NO CODE_SIGN_IDENTITY= clean build

Build settings from command line:
    CODE_SIGN_IDENTITY = 
    CODE_SIGNING_ALLOWED = NO
    CODE_SIGNING_REQUIRED = NO
    SDKROOT = iphoneos18.5

--- xcodebuild: WARNING: Using the first of multiple matching destinations:
{ platform:iOS, id:dvtdevice-DVTiPhonePlaceholder-iphoneos:placeholder, name:Any iOS Device }
{ platform:macOS, arch:arm64, variant:Designed for [iPad,iPhone], id:fcef5aeb1fad69ab5a1f21b5f21acb60cdb68381, name:My Mac }
{ platform:iOS Simulator, id:dvtdevice-DVTiOSDeviceSimulatorPlaceholder-iphonesimulator:placeholder, name:Any iOS Simulator Device }
note: Using codesigning identity override: 
ComputePackagePrebuildTargetDependencyGraph

CreateBuildRequest

SendProjectDescription

CreateBuildOperation

** CLEAN SUCCEEDED **

--- xcodebuild: WARNING: Using the first of multiple matching destinations:
{ platform:iOS, id:dvtdevice-DVTiPhonePlaceholder-iphoneos:placeholder, name:Any iOS Device }
{ platform:macOS, arch:arm64, variant:Designed for [iPad,iPhone], id:fcef5aeb1fad69ab5a1f21b5f21acb60cdb68381, name:My Mac }
{ platform:iOS Simulator, id:dvtdevice-DVTiOSDeviceSimulatorPlaceholder-iphonesimulator:placeholder, name:Any iOS Simulator Device }
note: Using codesigning identity override: 
ComputePackagePrebuildTargetDependencyGraph

Prepare packages

CreateBuildRequest

SendProjectDescription

CreateBuildOperation

ComputeTargetDependencyGraph
note: Building targets in dependency order
note: Target dependency graph (1 target)
    Target 'NextAgent' in project 'NextAgent' (no dependencies)

GatherProvisioningInputs

CreateBuildDescription

ExecuteExternalTool /Applications/Xcode_16.4.app/Contents/Developer/Toolchains/XcodeDefault.xctoolchain/usr/bin/swiftc --version

ExecuteExternalTool /Applications/Xcode_16.4.app/Contents/Developer/Toolchains/XcodeDefault.xctoolchain/usr/bin/clang -v -E -dM -isysroot /Applications/Xcode_16.4.app/Contents/Developer/Platforms/iPhoneOS.platform/Developer/SDKs/iPhoneOS18.5.sdk -x c -c /dev/null

ExecuteExternalTool /Applications/Xcode_16.4.app/Contents/Developer/Toolchains/XcodeDefault.xctoolchain/usr/bin/ld -version_details

Build description signature: a6c4823be1045d7a2afb9eabf1948d9e
Build description path: /tmp/nextagent-src/NextAgent_v0.1.0/build/Build/Intermediates.noindex/XCBuildData/a6c4823be1045d7a2afb9eabf1948d9e.xcbuilddata
CreateBuildDirectory /tmp/nextagent-src/NextAgent_v0.1.0/build/Build/Intermediates.noindex
    cd /tmp/nextagent-src/NextAgent_v0.1.0/NextAgent.xcodeproj
    builtin-create-build-directory /tmp/nextagent-src/NextAgent_v0.1.0/build/Build/Intermediates.noindex

CreateBuildDirectory /tmp/nextagent-src/NextAgent_v0.1.0/build/Build/Products
    cd /tmp/nextagent-src/NextAgent_v0.1.0/NextAgent.xcodeproj
    builtin-create-build-directory /tmp/nextagent-src/NextAgent_v0.1.0/build/Build/Products

ClangStatCache /Applications/Xcode_16.4.app/Contents/Developer/Toolchains/XcodeDefault.xctoolchain/usr/bin/clang-stat-cache /Applications/Xcode_16.4.app/Contents/Developer/Platforms/iPhoneOS.platform/Developer/SDKs/iPhoneOS18.5.sdk /tmp/nextagent-src/NextAgent_v0.1.0/build/SDKStatCaches.noindex/iphoneos18.5-22F76-a529daf784b3616c7c04a36aeb7f5c05.sdkstatcache
    cd /tmp/nextagent-src/NextAgent_v0.1.0/NextAgent.xcodeproj
    /Applications/Xcode_16.4.app/Contents/Developer/Toolchains/XcodeDefault.xctoolchain/usr/bin/clang-stat-cache /Applications/Xcode_16.4.app/Contents/Developer/Platforms/iPhoneOS.platform/Developer/SDKs/iPhoneOS18.5.sdk -o /tmp/nextagent-src/NextAgent_v0.1.0/build/SDKStatCaches.noindex/iphoneos18.5-22F76-a529daf784b3616c7c04a36aeb7f5c05.sdkstatcache

CreateBuildDirectory /tmp/nextagent-src/NextAgent_v0.1.0/build/Build/Products/Release-iphoneos
    cd /tmp/nextagent-src/NextAgent_v0.1.0/NextAgent.xcodeproj
    builtin-create-build-directory /tmp/nextagent-src/NextAgent_v0.1.0/build/Build/Products/Release-iphoneos

WriteAuxiliaryFile /tmp/nextagent-src/NextAgent_v0.1.0/build/Build/Intermediates.noindex/NextAgent.build/Release-iphoneos/NextAgent-36b65d9bd11bb869a72c5a5225ef8159-VFS-iphoneos/all-product-headers.yaml
    cd /tmp/nextagent-src/NextAgent_v0.1.0/NextAgent.xcodeproj
    write-file /tmp/nextagent-src/NextAgent_v0.1.0/build/Build/Intermediates.noindex/NextAgent.build/Release-iphoneos/NextAgent-36b65d9bd11bb869a72c5a5225ef8159-VFS-iphoneos/all-product-headers.yaml

CreateBuildDirectory /tmp/nextagent-src/NextAgent_v0.1.0/build/Build/Intermediates.noindex/EagerLinkingTBDs/Release-iphoneos
    cd /tmp/nextagent-src/NextAgent_v0.1.0/NextAgent.xcodeproj
    builtin-create-build-directory /tmp/nextagent-src/NextAgent_v0.1.0/build/Build/Intermediates.noindex/EagerLinkingTBDs/Release-iphoneos

WriteAuxiliaryFile /tmp/nextagent-src/NextAgent_v0.1.0/build/Build/Intermediates.noindex/NextAgent.build/Release-iphoneos/NextAgent.build/Objects-normal/arm64/NextAgent_const_extract_protocols.json (in target 'NextAgent' from project 'NextAgent')
    cd /tmp/nextagent-src/NextAgent_v0.1.0
    write-file /tmp/nextagent-src/NextAgent_v0.1.0/build/Build/Intermediates.noindex/NextAgent.build/Release-iphoneos/NextAgent.build/Objects-normal/arm64/NextAgent_const_extract_protocols.json

WriteAuxiliaryFile /tmp/nextagent-src/NextAgent_v0.1.0/build/Build/Intermediates.noindex/NextAgent.build/Release-iphoneos/NextAgent.build/Objects-normal/arm64/NextAgent-OutputFileMap.json (in target 'NextAgent' from project 'NextAgent')
    cd /tmp/nextagent-src/NextAgent_v0.1.0
    write-file /tmp/nextagent-src/NextAgent_v0.1.0/build/Build/Intermediates.noindex/NextAgent.build/Release-iphoneos/NextAgent.build/Objects-normal/arm64/NextAgent-OutputFileMap.json

WriteAuxiliaryFile /tmp/nextagent-src/NextAgent_v0.1.0/build/Build/Intermediates.noindex/NextAgent.build/Release-iphoneos/NextAgent.build/Objects-normal/arm64/Next\ Agent.SwiftFileList (in target 'NextAgent' from project 'NextAgent')
    cd /tmp/nextagent-src/NextAgent_v0.1.0
    write-file /tmp/nextagent-src/NextAgent_v0.1.0/build/Build/Intermediates.noindex/NextAgent.build/Release-iphoneos/NextAgent.build/Objects-normal/arm64/Next\ Agent.SwiftFileList

WriteAuxiliaryFile /tmp/nextagent-src/NextAgent_v0.1.0/build/Build/Intermediates.noindex/NextAgent.build/Release-iphoneos/NextAgent.build/Objects-normal/arm64/Next\ Agent.SwiftConstValuesFileList (in target 'NextAgent' from project 'NextAgent')
    cd /tmp/nextagent-src/NextAgent_v0.1.0
    write-file /tmp/nextagent-src/NextAgent_v0.1.0/build/Build/Intermediates.noindex/NextAgent.build/Release-iphoneos/NextAgent.build/Objects-normal/arm64/Next\ Agent.SwiftConstValuesFileList

WriteAuxiliaryFile /tmp/nextagent-src/NextAgent_v0.1.0/build/Build/Intermediates.noindex/NextAgent.build/Release-iphoneos/NextAgent.build/Objects-normal/arm64/Next\ Agent.LinkFileList (in target 'NextAgent' from project 'NextAgent')
    cd /tmp/nextagent-src/NextAgent_v0.1.0
    write-file /tmp/nextagent-src/NextAgent_v0.1.0/build/Build/Intermediates.noindex/NextAgent.build/Release-iphoneos/NextAgent.build/Objects-normal/arm64/Next\ Agent.LinkFileList

WriteAuxiliaryFile /tmp/nextagent-src/NextAgent_v0.1.0/build/Build/Intermediates.noindex/NextAgent.build/Release-iphoneos/NextAgent.build/Next\ Agent.hmap (in target 'NextAgent' from project 'NextAgent')
    cd /tmp/nextagent-src/NextAgent_v0.1.0
    write-file /tmp/nextagent-src/NextAgent_v0.1.0/build/Build/Intermediates.noindex/NextAgent.build/Release-iphoneos/NextAgent.build/Next\ Agent.hmap

WriteAuxiliaryFile /tmp/nextagent-src/NextAgent_v0.1.0/build/Build/Intermediates.noindex/NextAgent.build/Release-iphoneos/NextAgent.build/Next\ Agent.DependencyStaticMetadataFileList (in target 'NextAgent' from project 'NextAgent')
    cd /tmp/nextagent-src/NextAgent_v0.1.0
    write-file /tmp/nextagent-src/NextAgent_v0.1.0/build/Build/Intermediates.noindex/NextAgent.build/Release-iphoneos/NextAgent.build/Next\ Agent.DependencyStaticMetadataFileList

WriteAuxiliaryFile /tmp/nextagent-src/NextAgent_v0.1.0/build/Build/Intermediates.noindex/NextAgent.build/Release-iphoneos/NextAgent.build/Next\ Agent.DependencyMetadataFileList (in target 'NextAgent' from project 'NextAgent')
    cd /tmp/nextagent-src/NextAgent_v0.1.0
    write-file /tmp/nextagent-src/NextAgent_v0.1.0/build/Build/Intermediates.noindex/NextAgent.build/Release-iphoneos/NextAgent.build/Next\ Agent.DependencyMetadataFileList

WriteAuxiliaryFile /tmp/nextagent-src/NextAgent_v0.1.0/build/Build/Intermediates.noindex/NextAgent.build/Release-iphoneos/NextAgent.build/Next\ Agent-project-headers.hmap (in target 'NextAgent' from project 'NextAgent')
    cd /tmp/nextagent-src/NextAgent_v0.1.0
    write-file /tmp/nextagent-src/NextAgent_v0.1.0/build/Build/Intermediates.noindex/NextAgent.build/Release-iphoneos/NextAgent.build/Next\ Agent-project-headers.hmap

WriteAuxiliaryFile /tmp/nextagent-src/NextAgent_v0.1.0/build/Build/Intermediates.noindex/NextAgent.build/Release-iphoneos/NextAgent.build/Next\ Agent-own-target-headers.hmap (in target 'NextAgent' from project 'NextAgent')
    cd /tmp/nextagent-src/NextAgent_v0.1.0
    write-file /tmp/nextagent-src/NextAgent_v0.1.0/build/Build/Intermediates.noindex/NextAgent.build/Release-iphoneos/NextAgent.build/Next\ Agent-own-target-headers.hmap

WriteAuxiliaryFile /tmp/nextagent-src/NextAgent_v0.1.0/build/Build/Intermediates.noindex/NextAgent.build/Release-iphoneos/NextAgent.build/Next\ Agent-generated-files.hmap (in target 'NextAgent' from project 'NextAgent')
    cd /tmp/nextagent-src/NextAgent_v0.1.0
    write-file /tmp/nextagent-src/NextAgent_v0.1.0/build/Build/Intermediates.noindex/NextAgent.build/Release-iphoneos/NextAgent.build/Next\ Agent-generated-files.hmap

WriteAuxiliaryFile /tmp/nextagent-src/NextAgent_v0.1.0/build/Build/Intermediates.noindex/NextAgent.build/Release-iphoneos/NextAgent.build/Next\ Agent-all-target-headers.hmap (in target 'NextAgent' from project 'NextAgent')
    cd /tmp/nextagent-src/NextAgent_v0.1.0
    write-file /tmp/nextagent-src/NextAgent_v0.1.0/build/Build/Intermediates.noindex/NextAgent.build/Release-iphoneos/NextAgent.build/Next\ Agent-all-target-headers.hmap

WriteAuxiliaryFile /tmp/nextagent-src/NextAgent_v0.1.0/build/Build/Intermediates.noindex/NextAgent.build/Release-iphoneos/NextAgent.build/Next\ Agent-all-non-framework-target-headers.hmap (in target 'NextAgent' from project 'NextAgent')
    cd /tmp/nextagent-src/NextAgent_v0.1.0
    write-file /tmp/nextagent-src/NextAgent_v0.1.0/build/Build/Intermediates.noindex/NextAgent.build/Release-iphoneos/NextAgent.build/Next\ Agent-all-non-framework-target-headers.hmap

MkDir /tmp/nextagent-src/NextAgent_v0.1.0/build/Build/Products/Release-iphoneos/Next\ Agent.app (in target 'NextAgent' from project 'NextAgent')
    cd /tmp/nextagent-src/NextAgent_v0.1.0
    /bin/mkdir -p /tmp/nextagent-src/NextAgent_v0.1.0/build/Build/Products/Release-iphoneos/Next\ Agent.app

ProcessInfoPlistFile /tmp/nextagent-src/NextAgent_v0.1.0/build/Build/Products/Release-iphoneos/Next\ Agent.app/Info.plist /tmp/nextagent-src/NextAgent_v0.1.0/NextAgent/Info.plist (in target 'NextAgent' from project 'NextAgent')
    cd /tmp/nextagent-src/NextAgent_v0.1.0
    builtin-infoPlistUtility /tmp/nextagent-src/NextAgent_v0.1.0/NextAgent/Info.plist -producttype com.apple.product-type.application -genpkginfo /tmp/nextagent-src/NextAgent_v0.1.0/build/Build/Products/Release-iphoneos/Next\ Agent.app/PkgInfo -expandbuildsettings -format binary -platform iphoneos -requiredArchitecture arm64 -o /tmp/nextagent-src/NextAgent_v0.1.0/build/Build/Products/Release-iphoneos/Next\ Agent.app/Info.plist

SwiftDriver NextAgent normal arm64 com.apple.xcode.tools.swift.compiler (in target 'NextAgent' from project 'NextAgent')
    cd /tmp/nextagent-src/NextAgent_v0.1.0
    builtin-SwiftDriver -- /Applications/Xcode_16.4.app/Contents/Developer/Toolchains/XcodeDefault.xctoolchain/usr/bin/swiftc -module-name Next_Agent -O -whole-module-optimization -enforce-exclusivity\=checked @/tmp/nextagent-src/NextAgent_v0.1.0/build/Build/Intermediates.noindex/NextAgent.build/Release-iphoneos/NextAgent.build/Objects-normal/arm64/Next\ Agent.SwiftFileList -enable-bare-slash-regex -enable-experimental-feature DebugDescriptionMacro -sdk /Applications/Xcode_16.4.app/Contents/Developer/Platforms/iPhoneOS.platform/Developer/SDKs/iPhoneOS18.5.sdk -target arm64-apple-ios16.0 -g -module-cache-path /tmp/nextagent-src/NextAgent_v0.1.0/build/ModuleCache.noindex -Xfrontend -serialize-debugging-options -swift-version 5 -I /tmp/nextagent-src/NextAgent_v0.1.0/build/Build/Products/Release-iphoneos -F /tmp/nextagent-src/NextAgent_v0.1.0/build/Build/Products/Release-iphoneos -parse-as-library -c -num-threads 3 -Xcc -ivfsstatcache -Xcc /tmp/nextagent-src/NextAgent_v0.1.0/build/SDKStatCaches.noindex/iphoneos18.5-22F76-a529daf784b3616c7c04a36aeb7f5c05.sdkstatcache -output-file-map /tmp/nextagent-src/NextAgent_v0.1.0/build/Build/Intermediates.noindex/NextAgent.build/Release-iphoneos/NextAgent.build/Objects-normal/arm64/NextAgent-OutputFileMap.json -use-frontend-parseable-output -save-temps -no-color-diagnostics -serialize-diagnostics -emit-dependencies -emit-module -emit-module-path /tmp/nextagent-src/NextAgent_v0.1.0/build/Build/Intermediates.noindex/NextAgent.build/Release-iphoneos/NextAgent.build/Objects-normal/arm64/Next_Agent.swiftmodule -validate-clang-modules-once -clang-build-session-file /tmp/nextagent-src/NextAgent_v0.1.0/build/ModuleCache.noindex/Session.modulevalidation -Xcc -I/tmp/nextagent-src/NextAgent_v0.1.0/build/Build/Intermediates.noindex/NextAgent.build/Release-iphoneos/NextAgent.build/swift-overrides.hmap -emit-const-values -Xfrontend -const-gather-protocols-file -Xfrontend /tmp/nextagent-src/NextAgent_v0.1.0/build/Build/Intermediates.noindex/NextAgent.build/Release-iphoneos/NextAgent.build/Objects-normal/arm64/NextAgent_const_extract_protocols.json -Xcc -iquote -Xcc /tmp/nextagent-src/NextAgent_v0.1.0/build/Build/Intermediates.noindex/NextAgent.build/Release-iphoneos/NextAgent.build/Next\ Agent-generated-files.hmap -Xcc -I/tmp/nextagent-src/NextAgent_v0.1.0/build/Build/Intermediates.noindex/NextAgent.build/Release-iphoneos/NextAgent.build/Next\ Agent-own-target-headers.hmap -Xcc -I/tmp/nextagent-src/NextAgent_v0.1.0/build/Build/Intermediates.noindex/NextAgent.build/Release-iphoneos/NextAgent.build/Next\ Agent-all-target-headers.hmap -Xcc -iquote -Xcc /tmp/nextagent-src/NextAgent_v0.1.0/build/Build/Intermediates.noindex/NextAgent.build/Release-iphoneos/NextAgent.build/Next\ Agent-project-headers.hmap -Xcc -I/tmp/nextagent-src/NextAgent_v0.1.0/build/Build/Products/Release-iphoneos/include -Xcc -I/tmp/nextagent-src/NextAgent_v0.1.0/build/Build/Intermediates.noindex/NextAgent.build/Release-iphoneos/NextAgent.build/DerivedSources-normal/arm64 -Xcc -I/tmp/nextagent-src/NextAgent_v0.1.0/build/Build/Intermediates.noindex/NextAgent.build/Release-iphoneos/NextAgent.build/DerivedSources/arm64 -Xcc -I/tmp/nextagent-src/NextAgent_v0.1.0/build/Build/Intermediates.noindex/NextAgent.build/Release-iphoneos/NextAgent.build/DerivedSources -emit-objc-header -emit-objc-header-path /tmp/nextagent-src/NextAgent_v0.1.0/build/Build/Intermediates.noindex/NextAgent.build/Release-iphoneos/NextAgent.build/Objects-normal/arm64/Next_Agent-Swift.h -working-directory /tmp/nextagent-src/NextAgent_v0.1.0 -no-emit-module-separately-wmo

SwiftCompile normal arm64 Compiling\ NextAgent.swift /tmp/nextagent-src/NextAgent_v0.1.0/NextAgent/NextAgent.swift (in target 'NextAgent' from project 'NextAgent')

SwiftCompile normal arm64 /tmp/nextagent-src/NextAgent_v0.1.0/NextAgent/NextAgent.swift (in target 'NextAgent' from project 'NextAgent')
    cd /tmp/nextagent-src/NextAgent_v0.1.0
    

SwiftDriver\ Compilation NextAgent normal arm64 com.apple.xcode.tools.swift.compiler (in target 'NextAgent' from project 'NextAgent')
    cd /tmp/nextagent-src/NextAgent_v0.1.0
    builtin-Swift-Compilation -- /Applications/Xcode_16.4.app/Contents/Developer/Toolchains/XcodeDefault.xctoolchain/usr/bin/swiftc -module-name Next_Agent -O -whole-module-optimization -enforce-exclusivity\=checked @/tmp/nextagent-src/NextAgent_v0.1.0/build/Build/Intermediates.noindex/NextAgent.build/Release-iphoneos/NextAgent.build/Objects-normal/arm64/Next\ Agent.SwiftFileList -enable-bare-slash-regex -enable-experimental-feature DebugDescriptionMacro -sdk /Applications/Xcode_16.4.app/Contents/Developer/Platforms/iPhoneOS.platform/Developer/SDKs/iPhoneOS18.5.sdk -target arm64-apple-ios16.0 -g -module-cache-path /tmp/nextagent-src/NextAgent_v0.1.0/build/ModuleCache.noindex -Xfrontend -serialize-debugging-options -swift-version 5 -I /tmp/nextagent-src/NextAgent_v0.1.0/build/Build/Products/Release-iphoneos -F /tmp/nextagent-src/NextAgent_v0.1.0/build/Build/Products/Release-iphoneos -parse-as-library -c -num-threads 3 -Xcc -ivfsstatcache -Xcc /tmp/nextagent-src/NextAgent_v0.1.0/build/SDKStatCaches.noindex/iphoneos18.5-22F76-a529daf784b3616c7c04a36aeb7f5c05.sdkstatcache -output-file-map /tmp/nextagent-src/NextAgent_v0.1.0/build/Build/Intermediates.noindex/NextAgent.build/Release-iphoneos/NextAgent.build/Objects-normal/arm64/NextAgent-OutputFileMap.json -use-frontend-parseable-output -save-temps -no-color-diagnostics -serialize-diagnostics -emit-dependencies -emit-module -emit-module-path /tmp/nextagent-src/NextAgent_v0.1.0/build/Build/Intermediates.noindex/NextAgent.build/Release-iphoneos/NextAgent.build/Objects-normal/arm64/Next_Agent.swiftmodule -validate-clang-modules-once -clang-build-session-file /tmp/nextagent-src/NextAgent_v0.1.0/build/ModuleCache.noindex/Session.modulevalidation -Xcc -I/tmp/nextagent-src/NextAgent_v0.1.0/build/Build/Intermediates.noindex/NextAgent.build/Release-iphoneos/NextAgent.build/swift-overrides.hmap -emit-const-values -Xfrontend -const-gather-protocols-file -Xfrontend /tmp/nextagent-src/NextAgent_v0.1.0/build/Build/Intermediates.noindex/NextAgent.build/Release-iphoneos/NextAgent.build/Objects-normal/arm64/NextAgent_const_extract_protocols.json -Xcc -iquote -Xcc /tmp/nextagent-src/NextAgent_v0.1.0/build/Build/Intermediates.noindex/NextAgent.build/Release-iphoneos/NextAgent.build/Next\ Agent-generated-files.hmap -Xcc -I/tmp/nextagent-src/NextAgent_v0.1.0/build/Build/Intermediates.noindex/NextAgent.build/Release-iphoneos/NextAgent.build/Next\ Agent-own-target-headers.hmap -Xcc -I/tmp/nextagent-src/NextAgent_v0.1.0/build/Build/Intermediates.noindex/NextAgent.build/Release-iphoneos/NextAgent.build/Next\ Agent-all-target-headers.hmap -Xcc -iquote -Xcc /tmp/nextagent-src/NextAgent_v0.1.0/build/Build/Intermediates.noindex/NextAgent.build/Release-iphoneos/NextAgent.build/Next\ Agent-project-headers.hmap -Xcc -I/tmp/nextagent-src/NextAgent_v0.1.0/build/Build/Products/Release-iphoneos/include -Xcc -I/tmp/nextagent-src/NextAgent_v0.1.0/build/Build/Intermediates.noindex/NextAgent.build/Release-iphoneos/NextAgent.build/DerivedSources-normal/arm64 -Xcc -I/tmp/nextagent-src/NextAgent_v0.1.0/build/Build/Intermediates.noindex/NextAgent.build/Release-iphoneos/NextAgent.build/DerivedSources/arm64 -Xcc -I/tmp/nextagent-src/NextAgent_v0.1.0/build/Build/Intermediates.noindex/NextAgent.build/Release-iphoneos/NextAgent.build/DerivedSources -emit-objc-header -emit-objc-header-path /tmp/nextagent-src/NextAgent_v0.1.0/build/Build/Intermediates.noindex/NextAgent.build/Release-iphoneos/NextAgent.build/Objects-normal/arm64/Next_Agent-Swift.h -working-directory /tmp/nextagent-src/NextAgent_v0.1.0 -no-emit-module-separately-wmo

SwiftDriverJobDiscovery normal arm64 Compiling NextAgent.swift (in target 'NextAgent' from project 'NextAgent')

SwiftDriver\ Compilation\ Requirements NextAgent normal arm64 com.apple.xcode.tools.swift.compiler (in target 'NextAgent' from project 'NextAgent')
    cd /tmp/nextagent-src/NextAgent_v0.1.0
    builtin-Swift-Compilation-Requirements -- /Applications/Xcode_16.4.app/Contents/Developer/Toolchains/XcodeDefault.xctoolchain/usr/bin/swiftc -module-name Next_Agent -O -whole-module-optimization -enforce-exclusivity\=checked @/tmp/nextagent-src/NextAgent_v0.1.0/build/Build/Intermediates.noindex/NextAgent.build/Release-iphoneos/NextAgent.build/Objects-normal/arm64/Next\ Agent.SwiftFileList -enable-bare-slash-regex -enable-experimental-feature DebugDescriptionMacro -sdk /Applications/Xcode_16.4.app/Contents/Developer/Platforms/iPhoneOS.platform/Developer/SDKs/iPhoneOS18.5.sdk -target arm64-apple-ios16.0 -g -module-cache-path /tmp/nextagent-src/NextAgent_v0.1.0/build/ModuleCache.noindex -Xfrontend -serialize-debugging-options -swift-version 5 -I /tmp/nextagent-src/NextAgent_v0.1.0/build/Build/Products/Release-iphoneos -F /tmp/nextagent-src/NextAgent_v0.1.0/build/Build/Products/Release-iphoneos -parse-as-library -c -num-threads 3 -Xcc -ivfsstatcache -Xcc /tmp/nextagent-src/NextAgent_v0.1.0/build/SDKStatCaches.noindex/iphoneos18.5-22F76-a529daf784b3616c7c04a36aeb7f5c05.sdkstatcache -output-file-map /tmp/nextagent-src/NextAgent_v0.1.0/build/Build/Intermediates.noindex/NextAgent.build/Release-iphoneos/NextAgent.build/Objects-normal/arm64/NextAgent-OutputFileMap.json -use-frontend-parseable-output -save-temps -no-color-diagnostics -serialize-diagnostics -emit-dependencies -emit-module -emit-module-path /tmp/nextagent-src/NextAgent_v0.1.0/build/Build/Intermediates.noindex/NextAgent.build/Release-iphoneos/NextAgent.build/Objects-normal/arm64/Next_Agent.swiftmodule -validate-clang-modules-once -clang-build-session-file /tmp/nextagent-src/NextAgent_v0.1.0/build/ModuleCache.noindex/Session.modulevalidation -Xcc -I/tmp/nextagent-src/NextAgent_v0.1.0/build/Build/Intermediates.noindex/NextAgent.build/Release-iphoneos/NextAgent.build/swift-overrides.hmap -emit-const-values -Xfrontend -const-gather-protocols-file -Xfrontend /tmp/nextagent-src/NextAgent_v0.1.0/build/Build/Intermediates.noindex/NextAgent.build/Release-iphoneos/NextAgent.build/Objects-normal/arm64/NextAgent_const_extract_protocols.json -Xcc -iquote -Xcc /tmp/nextagent-src/NextAgent_v0.1.0/build/Build/Intermediates.noindex/NextAgent.build/Release-iphoneos/NextAgent.build/Next\ Agent-generated-files.hmap -Xcc -I/tmp/nextagent-src/NextAgent_v0.1.0/build/Build/Intermediates.noindex/NextAgent.build/Release-iphoneos/NextAgent.build/Next\ Agent-own-target-headers.hmap -Xcc -I/tmp/nextagent-src/NextAgent_v0.1.0/build/Build/Intermediates.noindex/NextAgent.build/Release-iphoneos/NextAgent.build/Next\ Agent-all-target-headers.hmap -Xcc -iquote -Xcc /tmp/nextagent-src/NextAgent_v0.1.0/build/Build/Intermediates.noindex/NextAgent.build/Release-iphoneos/NextAgent.build/Next\ Agent-project-headers.hmap -Xcc -I/tmp/nextagent-src/NextAgent_v0.1.0/build/Build/Products/Release-iphoneos/include -Xcc -I/tmp/nextagent-src/NextAgent_v0.1.0/build/Build/Intermediates.noindex/NextAgent.build/Release-iphoneos/NextAgent.build/DerivedSources-normal/arm64 -Xcc -I/tmp/nextagent-src/NextAgent_v0.1.0/build/Build/Intermediates.noindex/NextAgent.build/Release-iphoneos/NextAgent.build/DerivedSources/arm64 -Xcc -I/tmp/nextagent-src/NextAgent_v0.1.0/build/Build/Intermediates.noindex/NextAgent.build/Release-iphoneos/NextAgent.build/DerivedSources -emit-objc-header -emit-objc-header-path /tmp/nextagent-src/NextAgent_v0.1.0/build/Build/Intermediates.noindex/NextAgent.build/Release-iphoneos/NextAgent.build/Objects-normal/arm64/Next_Agent-Swift.h -working-directory /tmp/nextagent-src/NextAgent_v0.1.0 -no-emit-module-separately-wmo

SwiftMergeGeneratedHeaders /tmp/nextagent-src/NextAgent_v0.1.0/build/Build/Intermediates.noindex/NextAgent.build/Release-iphoneos/NextAgent.build/DerivedSources/Next_Agent-Swift.h /tmp/nextagent-src/NextAgent_v0.1.0/build/Build/Intermediates.noindex/NextAgent.build/Release-iphoneos/NextAgent.build/Objects-normal/arm64/Next_Agent-Swift.h (in target 'NextAgent' from project 'NextAgent')
    cd /tmp/nextagent-src/NextAgent_v0.1.0
    builtin-swiftHeaderTool -arch arm64 /tmp/nextagent-src/NextAgent_v0.1.0/build/Build/Intermediates.noindex/NextAgent.build/Release-iphoneos/NextAgent.build/Objects-normal/arm64/Next_Agent-Swift.h -o /tmp/nextagent-src/NextAgent_v0.1.0/build/Build/Intermediates.noindex/NextAgent.build/Release-iphoneos/NextAgent.build/DerivedSources/Next_Agent-Swift.h

Copy /tmp/nextagent-src/NextAgent_v0.1.0/build/Build/Products/Release-iphoneos/Next_Agent.swiftmodule/arm64-apple-ios.swiftdoc /tmp/nextagent-src/NextAgent_v0.1.0/build/Build/Intermediates.noindex/NextAgent.build/Release-iphoneos/NextAgent.build/Objects-normal/arm64/Next_Agent.swiftdoc (in target 'NextAgent' from project 'NextAgent')
    cd /tmp/nextagent-src/NextAgent_v0.1.0
    builtin-copy -exclude .DS_Store -exclude CVS -exclude .svn -exclude .git -exclude .hg -resolve-src-symlinks -rename /tmp/nextagent-src/NextAgent_v0.1.0/build/Build/Intermediates.noindex/NextAgent.build/Release-iphoneos/NextAgent.build/Objects-normal/arm64/Next_Agent.swiftdoc /tmp/nextagent-src/NextAgent_v0.1.0/build/Build/Products/Release-iphoneos/Next_Agent.swiftmodule/arm64-apple-ios.swiftdoc

Copy /tmp/nextagent-src/NextAgent_v0.1.0/build/Build/Products/Release-iphoneos/Next_Agent.swiftmodule/arm64-apple-ios.swiftmodule /tmp/nextagent-src/NextAgent_v0.1.0/build/Build/Intermediates.noindex/NextAgent.build/Release-iphoneos/NextAgent.build/Objects-normal/arm64/Next_Agent.swiftmodule (in target 'NextAgent' from project 'NextAgent')
    cd /tmp/nextagent-src/NextAgent_v0.1.0
    builtin-copy -exclude .DS_Store -exclude CVS -exclude .svn -exclude .git -exclude .hg -resolve-src-symlinks -rename /tmp/nextagent-src/NextAgent_v0.1.0/build/Build/Intermediates.noindex/NextAgent.build/Release-iphoneos/NextAgent.build/Objects-normal/arm64/Next_Agent.swiftmodule /tmp/nextagent-src/NextAgent_v0.1.0/build/Build/Products/Release-iphoneos/Next_Agent.swiftmodule/arm64-apple-ios.swiftmodule

Copy /tmp/nextagent-src/NextAgent_v0.1.0/build/Build/Products/Release-iphoneos/Next_Agent.swiftmodule/arm64-apple-ios.abi.json /tmp/nextagent-src/NextAgent_v0.1.0/build/Build/Intermediates.noindex/NextAgent.build/Release-iphoneos/NextAgent.build/Objects-normal/arm64/Next_Agent.abi.json (in target 'NextAgent' from project 'NextAgent')
    cd /tmp/nextagent-src/NextAgent_v0.1.0
    builtin-copy -exclude .DS_Store -exclude CVS -exclude .svn -exclude .git -exclude .hg -resolve-src-symlinks -rename /tmp/nextagent-src/NextAgent_v0.1.0/build/Build/Intermediates.noindex/NextAgent.build/Release-iphoneos/NextAgent.build/Objects-normal/arm64/Next_Agent.abi.json /tmp/nextagent-src/NextAgent_v0.1.0/build/Build/Products/Release-iphoneos/Next_Agent.swiftmodule/arm64-apple-ios.abi.json

Copy /tmp/nextagent-src/NextAgent_v0.1.0/build/Build/Products/Release-iphoneos/Next_Agent.swiftmodule/Project/arm64-apple-ios.swiftsourceinfo /tmp/nextagent-src/NextAgent_v0.1.0/build/Build/Intermediates.noindex/NextAgent.build/Release-iphoneos/NextAgent.build/Objects-normal/arm64/Next_Agent.swiftsourceinfo (in target 'NextAgent' from project 'NextAgent')
    cd /tmp/nextagent-src/NextAgent_v0.1.0
    builtin-copy -exclude .DS_Store -exclude CVS -exclude .svn -exclude .git -exclude .hg -resolve-src-symlinks -rename /tmp/nextagent-src/NextAgent_v0.1.0/build/Build/Intermediates.noindex/NextAgent.build/Release-iphoneos/NextAgent.build/Objects-normal/arm64/Next_Agent.swiftsourceinfo /tmp/nextagent-src/NextAgent_v0.1.0/build/Build/Products/Release-iphoneos/Next_Agent.swiftmodule/Project/arm64-apple-ios.swiftsourceinfo

Ld /tmp/nextagent-src/NextAgent_v0.1.0/build/Build/Products/Release-iphoneos/Next\ Agent.app/Next\ Agent normal (in target 'NextAgent' from project 'NextAgent')
    cd /tmp/nextagent-src/NextAgent_v0.1.0
    /Applications/Xcode_16.4.app/Contents/Developer/Toolchains/XcodeDefault.xctoolchain/usr/bin/clang -Xlinker -reproducible -target arm64-apple-ios16.0 -isysroot /Applications/Xcode_16.4.app/Contents/Developer/Platforms/iPhoneOS.platform/Developer/SDKs/iPhoneOS18.5.sdk -Os -L/tmp/nextagent-src/NextAgent_v0.1.0/build/Build/Intermediates.noindex/EagerLinkingTBDs/Release-iphoneos -L/tmp/nextagent-src/NextAgent_v0.1.0/build/Build/Products/Release-iphoneos -F/tmp/nextagent-src/NextAgent_v0.1.0/build/Build/Intermediates.noindex/EagerLinkingTBDs/Release-iphoneos -F/tmp/nextagent-src/NextAgent_v0.1.0/build/Build/Products/Release-iphoneos -filelist /tmp/nextagent-src/NextAgent_v0.1.0/build/Build/Intermediates.noindex/NextAgent.build/Release-iphoneos/NextAgent.build/Objects-normal/arm64/Next\ Agent.LinkFileList -Xlinker -rpath -Xlinker @executable_path/Frameworks -dead_strip -Xlinker -object_path_lto -Xlinker /tmp/nextagent-src/NextAgent_v0.1.0/build/Build/Intermediates.noindex/NextAgent.build/Release-iphoneos/NextAgent.build/Objects-normal/arm64/Next\ Agent_lto.o -Xlinker -dependency_info -Xlinker /tmp/nextagent-src/NextAgent_v0.1.0/build/Build/Intermediates.noindex/NextAgent.build/Release-iphoneos/NextAgent.build/Objects-normal/arm64/Next\ Agent_dependency_info.dat -fobjc-link-runtime -L/Applications/Xcode_16.4.app/Contents/Developer/Toolchains/XcodeDefault.xctoolchain/usr/lib/swift/iphoneos -L/usr/lib/swift -Xlinker -add_ast_path -Xlinker /tmp/nextagent-src/NextAgent_v0.1.0/build/Build/Intermediates.noindex/NextAgent.build/Release-iphoneos/NextAgent.build/Objects-normal/arm64/Next_Agent.swiftmodule -o /tmp/nextagent-src/NextAgent_v0.1.0/build/Build/Products/Release-iphoneos/Next\ Agent.app/Next\ Agent

ExtractAppIntentsMetadata (in target 'NextAgent' from project 'NextAgent')
    cd /tmp/nextagent-src/NextAgent_v0.1.0
    /Applications/Xcode_16.4.app/Contents/Developer/Toolchains/XcodeDefault.xctoolchain/usr/bin/appintentsmetadataprocessor --toolchain-dir /Applications/Xcode_16.4.app/Contents/Developer/Toolchains/XcodeDefault.xctoolchain --module-name Next_Agent --sdk-root /Applications/Xcode_16.4.app/Contents/Developer/Platforms/iPhoneOS.platform/Developer/SDKs/iPhoneOS18.5.sdk --xcode-version 16F6 --platform-family iOS --deployment-target 16.0 --bundle-identifier uk.zeshanbarvi.nextagent --output /tmp/nextagent-src/NextAgent_v0.1.0/build/Build/Products/Release-iphoneos/Next\ Agent.app --target-triple arm64-apple-ios16.0 --binary-file /tmp/nextagent-src/NextAgent_v0.1.0/build/Build/Products/Release-iphoneos/Next\ Agent.app/Next\ Agent --dependency-file /tmp/nextagent-src/NextAgent_v0.1.0/build/Build/Intermediates.noindex/NextAgent.build/Release-iphoneos/NextAgent.build/Objects-normal/arm64/Next\ Agent_dependency_info.dat --stringsdata-file /tmp/nextagent-src/NextAgent_v0.1.0/build/Build/Intermediates.noindex/NextAgent.build/Release-iphoneos/NextAgent.build/Objects-normal/arm64/ExtractedAppShortcutsMetadata.stringsdata --source-file-list /tmp/nextagent-src/NextAgent_v0.1.0/build/Build/Intermediates.noindex/NextAgent.build/Release-iphoneos/NextAgent.build/Objects-normal/arm64/Next\ Agent.SwiftFileList --metadata-file-list /tmp/nextagent-src/NextAgent_v0.1.0/build/Build/Intermediates.noindex/NextAgent.build/Release-iphoneos/NextAgent.build/Next\ Agent.DependencyMetadataFileList --static-metadata-file-list /tmp/nextagent-src/NextAgent_v0.1.0/build/Build/Intermediates.noindex/NextAgent.build/Release-iphoneos/NextAgent.build/Next\ Agent.DependencyStaticMetadataFileList --swift-const-vals-list /tmp/nextagent-src/NextAgent_v0.1.0/build/Build/Intermediates.noindex/NextAgent.build/Release-iphoneos/NextAgent.build/Objects-normal/arm64/Next\ Agent.SwiftConstValuesFileList --compile-time-extraction --deployment-aware-processing --validate-assistant-intents --no-app-shortcuts-localization
2026-09-20 10:48:00.617 appintentsmetadataprocessor[2278:10143] Starting appintentsmetadataprocessor export
2026-09-20 10:48:00.622 appintentsmetadataprocessor[2278:10143] warning: Metadata extraction skipped. No AppIntents.framework dependency found.

GenerateDSYMFile /tmp/nextagent-src/NextAgent_v0.1.0/build/Build/Products/Release-iphoneos/Next\ Agent.app.dSYM /tmp/nextagent-src/NextAgent_v0.1.0/build/Build/Products/Release-iphoneos/Next\ Agent.app/Next\ Agent (in target 'NextAgent' from project 'NextAgent')
    cd /tmp/nextagent-src/NextAgent_v0.1.0
    /Applications/Xcode_16.4.app/Contents/Developer/Toolchains/XcodeDefault.xctoolchain/usr/bin/dsymutil /tmp/nextagent-src/NextAgent_v0.1.0/build/Build/Products/Release-iphoneos/Next\ Agent.app/Next\ Agent -o /tmp/nextagent-src/NextAgent_v0.1.0/build/Build/Products/Release-iphoneos/Next\ Agent.app.dSYM

CopySwiftLibs /tmp/nextagent-src/NextAgent_v0.1.0/build/Build/Products/Release-iphoneos/Next\ Agent.app (in target 'NextAgent' from project 'NextAgent')
    cd /tmp/nextagent-src/NextAgent_v0.1.0
    builtin-swiftStdLibTool --copy --verbose --scan-executable /tmp/nextagent-src/NextAgent_v0.1.0/build/Build/Products/Release-iphoneos/Next\ Agent.app/Next\ Agent --scan-folder /tmp/nextagent-src/NextAgent_v0.1.0/build/Build/Products/Release-iphoneos/Next\ Agent.app/Frameworks --scan-folder /tmp/nextagent-src/NextAgent_v0.1.0/build/Build/Products/Release-iphoneos/Next\ Agent.app/PlugIns --scan-folder /tmp/nextagent-src/NextAgent_v0.1.0/build/Build/Products/Release-iphoneos/Next\ Agent.app/SystemExtensions --scan-folder /tmp/nextagent-src/NextAgent_v0.1.0/build/Build/Products/Release-iphoneos/Next\ Agent.app/Extensions --platform iphoneos --toolchain /Applications/Xcode_16.4.app/Contents/Developer/Toolchains/XcodeDefault.xctoolchain --destination /tmp/nextagent-src/NextAgent_v0.1.0/build/Build/Products/Release-iphoneos/Next\ Agent.app/Frameworks --strip-bitcode --strip-bitcode-tool /Applications/Xcode_16.4.app/Contents/Developer/Toolchains/XcodeDefault.xctoolchain/usr/bin/bitcode_strip --emit-dependency-info /tmp/nextagent-src/NextAgent_v0.1.0/build/Build/Intermediates.noindex/NextAgent.build/Release-iphoneos/NextAgent.build/SwiftStdLibToolInputDependencies.dep --filter-for-swift-os
Ignoring --strip-bitcode because --sign was not passed

AppIntentsSSUTraining (in target 'NextAgent' from project 'NextAgent')
    cd /tmp/nextagent-src/NextAgent_v0.1.0
    /Applications/Xcode_16.4.app/Contents/Developer/Toolchains/XcodeDefault.xctoolchain/usr/bin/appintentsnltrainingprocessor --infoplist-path /tmp/nextagent-src/NextAgent_v0.1.0/build/Build/Products/Release-iphoneos/Next\ Agent.app/Info.plist --temp-dir-path /tmp/nextagent-src/NextAgent_v0.1.0/build/Build/Intermediates.noindex/NextAgent.build/Release-iphoneos/NextAgent.build/ssu --bundle-id uk.zeshanbarvi.nextagent --product-path /tmp/nextagent-src/NextAgent_v0.1.0/build/Build/Products/Release-iphoneos/Next\ Agent.app --extracted-metadata-path /tmp/nextagent-src/NextAgent_v0.1.0/build/Build/Products/Release-iphoneos/Next\ Agent.app/Metadata.appintents --metadata-file-list /tmp/nextagent-src/NextAgent_v0.1.0/build/Build/Intermediates.noindex/NextAgent.build/Release-iphoneos/NextAgent.build/Next\ Agent.DependencyMetadataFileList --archive-ssu-assets
2026-09-20 10:48:00.668 appintentsnltrainingprocessor[2283:10157] Parsing options for appintentsnltrainingprocessor
2026-09-20 10:48:00.669 appintentsnltrainingprocessor[2283:10157] No AppShortcuts found - Skipping.

RegisterExecutionPolicyException /tmp/nextagent-src/NextAgent_v0.1.0/build/Build/Products/Release-iphoneos/Next\ Agent.app (in target 'NextAgent' from project 'NextAgent')
    cd /tmp/nextagent-src/NextAgent_v0.1.0
    builtin-RegisterExecutionPolicyException /tmp/nextagent-src/NextAgent_v0.1.0/build/Build/Products/Release-iphoneos/Next\ Agent.app

Validate /tmp/nextagent-src/NextAgent_v0.1.0/build/Build/Products/Release-iphoneos/Next\ Agent.app (in target 'NextAgent' from project 'NextAgent')
    cd /tmp/nextagent-src/NextAgent_v0.1.0
    builtin-validationUtility /tmp/nextagent-src/NextAgent_v0.1.0/build/Build/Products/Release-iphoneos/Next\ Agent.app -infoplist-subpath Info.plist

Touch /tmp/nextagent-src/NextAgent_v0.1.0/build/Build/Products/Release-iphoneos/Next\ Agent.app (in target 'NextAgent' from project 'NextAgent')
    cd /tmp/nextagent-src/NextAgent_v0.1.0
    /usr/bin/touch -c /tmp/nextagent-src/NextAgent_v0.1.0/build/Build/Products/Release-iphoneos/Next\ Agent.app

note: Disabling previews because SWIFT_VERSION is set and SWIFT_OPTIMIZATION_LEVEL=-O, expected -Onone (in target 'NextAgent' from project 'NextAgent')
** BUILD SUCCEEDED **

